Component: ARM Compiler 5.06 update 7 (build 960) Tool: armlink [4d3601]

==============================================================================

Section Cross References

    startup_stm32h743xx.o(STACK) refers (Special) to heapauxi.o(.text) for __use_two_region_memory
    startup_stm32h743xx.o(HEAP) refers (Special) to heapauxi.o(.text) for __use_two_region_memory
    startup_stm32h743xx.o(RESET) refers (Special) to heapauxi.o(.text) for __use_two_region_memory
    startup_stm32h743xx.o(RESET) refers to startup_stm32h743xx.o(STACK) for __initial_sp
    startup_stm32h743xx.o(RESET) refers to startup_stm32h743xx.o(.text) for Reset_Handler
    startup_stm32h743xx.o(RESET) refers to stm32h7xx_it.o(i.NMI_Handler) for NMI_Handler
    startup_stm32h743xx.o(RESET) refers to stm32h7xx_it.o(i.HardFault_Handler) for HardFault_Handler
    startup_stm32h743xx.o(RESET) refers to stm32h7xx_it.o(i.MemManage_Handler) for MemManage_Handler
    startup_stm32h743xx.o(RESET) refers to stm32h7xx_it.o(i.BusFault_Handler) for BusFault_Handler
    startup_stm32h743xx.o(RESET) refers to stm32h7xx_it.o(i.UsageFault_Handler) for UsageFault_Handler
    startup_stm32h743xx.o(RESET) refers to stm32h7xx_it.o(i.SVC_Handler) for SVC_Handler
    startup_stm32h743xx.o(RESET) refers to stm32h7xx_it.o(i.DebugMon_Handler) for DebugMon_Handler
    startup_stm32h743xx.o(RESET) refers to stm32h7xx_it.o(i.PendSV_Handler) for PendSV_Handler
    startup_stm32h743xx.o(RESET) refers to stm32h7xx_it.o(i.SysTick_Handler) for SysTick_Handler
    startup_stm32h743xx.o(RESET) refers to stm32h7xx_it.o(i.USART2_IRQHandler) for USART2_IRQHandler
    startup_stm32h743xx.o(.text) refers (Special) to heapauxi.o(.text) for __use_two_region_memory
    startup_stm32h743xx.o(.text) refers to system_stm32h7xx.o(i.SystemInit) for SystemInit
    startup_stm32h743xx.o(.text) refers to __main.o(!!!main) for __main
    startup_stm32h743xx.o(.text) refers to startup_stm32h743xx.o(HEAP) for Heap_Mem
    startup_stm32h743xx.o(.text) refers to startup_stm32h743xx.o(STACK) for Stack_Mem
    main.o(i.LED_Toggle_Once) refers to stm32h7xx_hal_gpio.o(i.HAL_GPIO_TogglePin) for HAL_GPIO_TogglePin
    main.o(i.PelcoD_Control_And_Query) refers to _printf_percent.o(.ARM.Collect$$_printf_percent$$00000000) for _printf_percent
    main.o(i.PelcoD_Control_And_Query) refers to _printf_d.o(.ARM.Collect$$_printf_percent$$00000009) for _printf_d
    main.o(i.PelcoD_Control_And_Query) refers to _printf_dec.o(.text) for _printf_int_dec
    main.o(i.PelcoD_Control_And_Query) refers to main.o(i.Set_RS485_Direction) for Set_RS485_Direction
    main.o(i.PelcoD_Control_And_Query) refers to stm32h7xx_hal_uart.o(i.HAL_UART_Transmit) for HAL_UART_Transmit
    main.o(i.PelcoD_Control_And_Query) refers to main.o(i.delay_us) for delay_us
    main.o(i.PelcoD_Control_And_Query) refers to stm32h7xx_hal_uart.o(i.HAL_UART_Receive) for HAL_UART_Receive
    main.o(i.PelcoD_Control_And_Query) refers to noretval__2printf.o(.text) for __2printf
    main.o(i.PelcoD_Control_And_Query) refers to rt_memcpy_v6.o(.text) for __aeabi_memcpy
    main.o(i.PelcoD_Control_And_Query) refers to main.o(i.PrintHexFrame) for PrintHexFrame
    main.o(i.PelcoD_Control_And_Query) refers to usart.o(.bss) for huart2
    main.o(i.PrintHexFrame) refers to _printf_percent.o(.ARM.Collect$$_printf_percent$$00000000) for _printf_percent
    main.o(i.PrintHexFrame) refers to _printf_s.o(.ARM.Collect$$_printf_percent$$00000014) for _printf_s
    main.o(i.PrintHexFrame) refers to _printf_str.o(.text) for _printf_str
    main.o(i.PrintHexFrame) refers to _printf_pad.o(.text) for _printf_pre_padding
    main.o(i.PrintHexFrame) refers to _printf_x.o(.ARM.Collect$$_printf_percent$$0000000C) for _printf_x
    main.o(i.PrintHexFrame) refers to _printf_hex_int.o(.text) for _printf_longlong_hex
    main.o(i.PrintHexFrame) refers to noretval__2printf.o(.text) for __2printf
    main.o(i.Set_RS485_Direction) refers to stm32h7xx_hal_i2c.o(i.HAL_I2C_Master_Transmit) for HAL_I2C_Master_Transmit
    main.o(i.Set_RS485_Direction) refers to i2c.o(.bss) for hi2c2
    main.o(i.SystemClock_Config) refers to rt_memclr_w.o(.text) for __aeabi_memclr4
    main.o(i.SystemClock_Config) refers to stm32h7xx_hal_pwr_ex.o(i.HAL_PWREx_ConfigSupply) for HAL_PWREx_ConfigSupply
    main.o(i.SystemClock_Config) refers to stm32h7xx_hal_rcc.o(i.HAL_RCC_OscConfig) for HAL_RCC_OscConfig
    main.o(i.SystemClock_Config) refers to stm32h7xx_hal_rcc.o(i.HAL_RCC_ClockConfig) for HAL_RCC_ClockConfig
    main.o(i.__io_putchar) refers to stm32h7xx_hal_uart.o(i.HAL_UART_Transmit) for HAL_UART_Transmit
    main.o(i.__io_putchar) refers to usart.o(.bss) for huart1
    main.o(i.delay_us) refers to system_stm32h7xx.o(.data) for SystemCoreClock
    main.o(i.main) refers to stm32h7xx_hal.o(i.HAL_Init) for HAL_Init
    main.o(i.main) refers to main.o(i.SystemClock_Config) for SystemClock_Config
    main.o(i.main) refers to gpio.o(i.MX_GPIO_Init) for MX_GPIO_Init
[...]
    i.HAL_DMA_Abort                          0x08001400   Section        0  stm32h7xx_hal_dma.o(i.HAL_DMA_Abort)
    i.HAL_DMA_Abort_IT                       0x08001760   Section        0  stm32h7xx_hal_dma.o(i.HAL_DMA_Abort_IT)
    i.HAL_Delay                              0x080019e4   Section        0  stm32h7xx_hal.o(i.HAL_Delay)
    i.HAL_GPIO_Init                          0x08001a08   Section        0  stm32h7xx_hal_gpio.o(i.HAL_GPIO_Init)
    i.HAL_GPIO_TogglePin                     0x08001c34   Section        0  stm32h7xx_hal_gpio.o(i.HAL_GPIO_TogglePin)
    i.HAL_GPIO_WritePin                      0x08001c44   Section        0  stm32h7xx_hal_gpio.o(i.HAL_GPIO_WritePin)
    i.HAL_GetREVID                           0x08001c50   Section        0  stm32h7xx_hal.o(i.HAL_GetREVID)
    i.HAL_GetTick                            0x08001c5c   Section        0  stm32h7xx_hal.o(i.HAL_GetTick)
    i.HAL_I2CEx_ConfigAnalogFilter           0x08001c68   Section        0  stm32h7xx_hal_i2c_ex.o(i.HAL_I2CEx_ConfigAnalogFilter)
    i.HAL_I2CEx_ConfigDigitalFilter          0x08001cc0   Section        0  stm32h7xx_hal_i2c_ex.o(i.HAL_I2CEx_ConfigDigitalFilter)
    i.HAL_I2C_Init                           0x08001d14   Section        0  stm32h7xx_hal_i2c.o(i.HAL_I2C_Init)
    i.HAL_I2C_Master_Transmit                0x08001dd4   Section        0  stm32h7xx_hal_i2c.o(i.HAL_I2C_Master_Transmit)
    i.HAL_I2C_MspInit                        0x08001f20   Section        0  i2c.o(i.HAL_I2C_MspInit)
    i.HAL_IncTick                            0x08001fa4   Section        0  stm32h7xx_hal.o(i.HAL_IncTick)
    i.HAL_Init                               0x08001fb4   Section        0  stm32h7xx_hal.o(i.HAL_Init)
    i.HAL_InitTick                           0x08002010   Section        0  stm32h7xx_hal.o(i.HAL_InitTick)
    i.HAL_MspInit                            0x08002050   Section        0  stm32h7xx_hal_msp.o(i.HAL_MspInit)
    i.HAL_NVIC_EnableIRQ                     0x0800206c   Section        0  stm32h7xx_hal_cortex.o(i.HAL_NVIC_EnableIRQ)
    i.HAL_NVIC_SetPriority                   0x08002088   Section        0  stm32h7xx_hal_cortex.o(i.HAL_NVIC_SetPriority)
    i.HAL_NVIC_SetPriorityGrouping           0x080020c8   Section        0  stm32h7xx_hal_cortex.o(i.HAL_NVIC_SetPriorityGrouping)
    i.HAL_PWREx_ConfigSupply                 0x080020ec   Section        0  stm32h7xx_hal_pwr_ex.o(i.HAL_PWREx_ConfigSupply)
    i.HAL_RCCEx_GetD3PCLK1Freq               0x08002140   Section        0  stm32h7xx_hal_rcc_ex.o(i.HAL_RCCEx_GetD3PCLK1Freq)
    i.HAL_RCCEx_GetPLL2ClockFreq             0x08002164   Section        0  stm32h7xx_hal_rcc_ex.o(i.HAL_RCCEx_GetPLL2ClockFreq)
    i.HAL_RCCEx_GetPLL3ClockFreq             0x080022a8   Section        0  stm32h7xx_hal_rcc_ex.o(i.HAL_RCCEx_GetPLL3ClockFreq)
    i.HAL_RCCEx_PeriphCLKConfig              0x080023ec   Section        0  stm32h7xx_hal_rcc_ex.o(i.HAL_RCCEx_PeriphCLKConfig)
    i.HAL_RCC_ClockConfig                    0x08002d98   Section        0  stm32h7xx_hal_rcc.o(i.HAL_RCC_ClockConfig)
    i.HAL_RCC_GetHCLKFreq                    0x08002ff4   Section        0  stm32h7xx_hal_rcc.o(i.HAL_RCC_GetHCLKFreq)
    i.HAL_RCC_GetPCLK1Freq                   0x08003038   Section        0  stm32h7xx_hal_rcc.o(i.HAL_RCC_GetPCLK1Freq)
    i.HAL_RCC_GetPCLK2Freq                   0x0800305c   Section        0  stm32h7xx_hal_rcc.o(i.HAL_RCC_GetPCLK2Freq)
    i.HAL_RCC_GetSysClockFreq                0x08003080   Section        0  stm32h7xx_hal_rcc.o(i.HAL_RCC_GetSysClockFreq)
    i.HAL_RCC_OscConfig                      0x080031b8   Section        0  stm32h7xx_hal_rcc.o(i.HAL_RCC_OscConfig)
    i.HAL_SYSTICK_Config                     0x0800373a   Section        0  stm32h7xx_hal_cortex.o(i.HAL_SYSTICK_Config)
    i.HAL_UARTEx_DisableFifoMode             0x08003760   Section        0  stm32h7xx_hal_uart_ex.o(i.HAL_UARTEx_DisableFifoMode)
    i.HAL_UARTEx_RxEventCallback             0x080037a0   Section        0  stm32h7xx_hal_uart.o(i.HAL_UARTEx_RxEventCallback)
    i.HAL_UARTEx_RxFifoFullCallback          0x080037a2   Section        0  stm32h7xx_hal_uart_ex.o(i.HAL_UARTEx_RxFifoFullCallback)
    i.HAL_UARTEx_SetRxFifoThreshold          0x080037a4   Section        0  stm32h7xx_hal_uart_ex.o(i.HAL_UARTEx_SetRxFifoThreshold)
    i.HAL_UARTEx_SetTxFifoThreshold          0x080037f0   Section        0  stm32h7xx_hal_uart_ex.o(i.HAL_UARTEx_SetTxFifoThreshold)
    i.HAL_UARTEx_TxFifoEmptyCallback         0x0800383c   Section        0  stm32h7xx_hal_uart_ex.o(i.HAL_UARTEx_TxFifoEmptyCallback)
    i.HAL_UARTEx_WakeupCallback              0x0800383e   Section        0  stm32h7xx_hal_uart_ex.o(i.HAL_UARTEx_WakeupCallback)
    i.HAL_UART_ErrorCallback                 0x08003840   Section        0  stm32h7xx_hal_uart.o(i.HAL_UART_ErrorCallback)
    i.HAL_UART_IRQHandler                    0x08003844   Section        0  stm32h7xx_hal_uart.o(i.HAL_UART_IRQHandler)
    i.HAL_UART_Init                          0x08003bcc   Section        0  stm32h7xx_hal_uart.o(i.HAL_UART_Init)
    i.HAL_UART_MspInit                       0x08003c38   Section        0  usart.o(i.HAL_UART_MspInit)
    i.HAL_UART_Receive                       0x08003d30   Section        0  stm32h7xx_hal_uart.o(i.HAL_UART_Receive)
    i.HAL_UART_Transmit                      0x08003e18   Section        0  stm32h7xx_hal_uart.o(i.HAL_UART_Transmit)
    i.HAL_UART_TxCpltCallback                0x08003ec8   Section        0  stm32h7xx_hal_uart.o(i.HAL_UART_TxCpltCallback)
    i.HardFault_Handler                      0x08003eca   Section        0  stm32h7xx_it.o(i.HardFault_Handler)
    i.I2C_Flush_TXDR                         0x08003ecc   Section        0  stm32h7xx_hal_i2c.o(i.I2C_Flush_TXDR)
    I2C_Flush_TXDR                           0x08003ecd   Thumb Code    34  stm32h7xx_hal_i2c.o(i.I2C_Flush_TXDR)
    i.I2C_IsErrorOccurred                    0x08003ef0   Section        0  stm32h7xx_hal_i2c.o(i.I2C_IsErrorOccurred)
    I2C_IsErrorOccurred                      0x08003ef1   Thumb Code   268  stm32h7xx_hal_i2c.o(i.I2C_IsErrorOccurred)
    i.I2C_TransferConfig                     0x08004000   Section        0  stm32h7xx_hal_i2c.o(i.I2C_TransferConfig)
    I2C_TransferConfig                       0x08004001   Thumb Code    44  stm32h7xx_hal_i2c.o(i.I2C_TransferConfig)
    i.I2C_WaitOnFlagUntilTimeout             0x08004030   Section        0  stm32h7xx_hal_i2c.o(i.I2C_WaitOnFlagUntilTimeout)
    I2C_WaitOnFlagUntilTimeout               0x08004031   Thumb Code   124  stm32h7xx_hal_i2c.o(i.I2C_WaitOnFlagUntilTimeout)
    i.I2C_WaitOnSTOPFlagUntilTimeout         0x080040ac   Section        0  stm32h7xx_hal_i2c.o(i.I2C_WaitOnSTOPFlagUntilTimeout)
    I2C_WaitOnSTOPFlagUntilTimeout           0x080040ad   Thumb Code    88  stm32h7xx_hal_i2c.o(i.I2C_WaitOnSTOPFlagUntilTimeout)
    i.I2C_WaitOnTXISFlagUntilTimeout         0x08004104   Section        0  stm32h7xx_hal_i2c.o(i.I2C_WaitOnTXISFlagUntilTimeout)
    I2C_WaitOnTXISFlagUntilTimeout           0x08004105   Thumb Code    92  stm32h7xx_hal_i2c.o(i.I2C_WaitOnTXISFlagUntilTimeout)
    i.LED_Toggle_Once                        0x08004160   Section        0  main.o(i.LED_Toggle_Once)
    LED_Toggle_Once                          0x08004161   Thumb Code    24  main.o(i.LED_Toggle_Once)
    i.MX_GPIO_Init                           0x0800417c   Section        0  gpio.o(i.MX_GPIO_Init)
    i.MX_I2C2_Init                           0x080041e8   Section        0  i2c.o(i.MX_I2C2_Init)
    i.MX_USART1_UART_Init                    0x08004240   Section        0  usart.o(i.MX_USART1_UART_Init)
    i.MX_USART2_UART_Init                    0x080042a8   Section        0  usart.o(i.MX_USART2_UART_Init)
    i.MemManage_Handler                      0x08004310   Section        0  stm32h7xx_it.o(i.MemManage_Handler)
    i.NMI_Handler                            0x08004312   Section        0  stm32h7xx_it.o(i.NMI_Handler)
    i.PelcoD_Control_And_Query               0x08004314   Section        0  main.o(i.PelcoD_Control_And_Query)
    i.PendSV_Handler                         0x08004578   Section        0  stm32h7xx_it.o(i.PendSV_Handler)
    i.PrintHexFrame                          0x0800457c   Section        0  main.o(i.PrintHexFrame)
    PrintHexFrame                            0x0800457d   Thumb Code    44  main.o(i.PrintHexFrame)
    i.RCCEx_PLL2_Config                      0x080045b8   Section        0  stm32h7xx_hal_rcc_ex.o(i.RCCEx_PLL2_Config)
    RCCEx_PLL2_Config                        0x080045b9   Thumb Code   284  stm32h7xx_hal_rcc_ex.o(i.RCCEx_PLL2_Config)
    i.RCCEx_PLL3_Config                      0x080046d8   Section        0  stm32h7xx_hal_rcc_ex.o(i.RCCEx_PLL3_Config)
    RCCEx_PLL3_Config                        0x080046d9   Thumb Code   284  stm32h7xx_hal_rcc_ex.o(i.RCCEx_PLL3_Config)
    i.SVC_Handler                            0x080047f8   Section        0  stm32h7xx_it.o(i.SVC_Handler)
    i.Set_RS485_Direction                    0x080047fc   Section        0  main.o(i.Set_RS485_Direction)
    i.SysTick_Handler                        0x08004828   Section        0  stm32h7xx_it.o(i.SysTick_Handler)
    i.SystemClock_Config                     0x0800482c   Section        0  main.o(i.SystemClock_Config)
    i.SystemInit                             0x080048d0   Section        0  system_stm32h7xx.o(i.SystemInit)
    i.UARTEx_SetNbDataToProcess              0x080049ac   Section        0  stm32h7xx_hal_uart_ex.o(i.UARTEx_SetNbDataToProcess)
    UARTEx_SetNbDataToProcess                0x080049ad   Thumb Code    62  stm32h7xx_hal_uart_ex.o(i.UARTEx_SetNbDataToProcess)
    i.UART_AdvFeatureConfig                  0x080049f0   Section        0  stm32h7xx_hal_uart.o(i.UART_AdvFeatureConfig)
    i.UART_CheckIdleState                    0x08004ab8   Section        0  stm32h7xx_hal_uart.o(i.UART_CheckIdleState)
    i.UART_DMAAbortOnError                   0x08004b62   Section        0  stm32h7xx_hal_uart.o(i.UART_DMAAbortOnError)
    UART_DMAAbortOnError                     0x08004b63   Thumb Code    20  stm32h7xx_hal_uart.o(i.UART_DMAAbortOnError)
    i.UART_EndRxTransfer                     0x08004b78   Section        0  stm32h7xx_hal_uart.o(i.UART_EndRxTransfer)
    UART_EndRxTransfer                       0x08004b79   Thumb Code    78  stm32h7xx_hal_uart.o(i.UART_EndRxTransfer)
    i.UART_SetConfig                         0x08004bcc   Section        0  stm32h7xx_hal_uart.o(i.UART_SetConfig)
    i.UART_WaitOnFlagUntilTimeout            0x08004f78   Section        0  stm32h7xx_hal_uart.o(i.UART_WaitOnFlagUntilTimeout)
    i.USART2_IRQHandler                      0x0800500c   Section        0  stm32h7xx_it.o(i.USART2_IRQHandler)
    i.UsageFault_Handler                     0x08005018   Section        0  stm32h7xx_it.o(i.UsageFault_Handler)
    i.__NVIC_SetPriority                     0x0800501a   Section        0  stm32h7xx_hal_cortex.o(i.__NVIC_SetPriority)
    __NVIC_SetPriority                       0x0800501b   Thumb Code    34  stm32h7xx_hal_cortex.o(i.__NVIC_SetPriority)
    i._is_digit                              0x0800503c   Section        0  __printf_wp.o(i._is_digit)
    i._sys_exit                              0x0800504a   Section        0  main.o(i._sys_exit)
    i._ttywrch                               0x0800504c   Section        0  main.o(i._ttywrch)
    i.delay_us                               0x08005050   Section        0  main.o(i.delay_us)
    i.fputc                                  0x08005078   Section        0  fputc.o(i.fputc)
    i.main                                   0x08005094   Section        0  main.o(i.main)
    x$fpl$fpinit                             0x08005370   Section       10  fpinit.o(x$fpl$fpinit)
    $v0                                      0x08005370   Number         0  fpinit.o(x$fpl$fpinit)
    .constdata                               0x0800537a   Section       24  stm32h7xx_hal_uart.o(.constdata)
    .constdata                               0x08005392   Section       16  stm32h7xx_hal_uart_ex.o(.constdata)
    numerator                                0x08005392   Data           8  stm32h7xx_hal_uart_ex.o(.constdata)
    denominator                              0x0800539a   Data           8  stm32h7xx_hal_uart_ex.o(.constdata)
    .constdata                               0x080053a2   Section       16  system_stm32h7xx.o(.constdata)
    .constdata                               0x080053b2   Section       40  _printf_hex_int.o(.constdata)
    uc_hextab                                0x080053b2   Data          20  _printf_hex_int.o(.constdata)
    lc_hextab                                0x080053c6   Data          20  _printf_hex_int.o(.constdata)
    .constdata                               0x080053da   Section       17  __printf_flags_wp.o(.constdata)
    maptable                                 0x080053da   Data          17  __printf_flags_wp.o(.constdata)
    .constdata                               0x080053eb   Section        4  sys_io.o(.constdata)
    .constdata                               0x080053ef   Section        4  sys_io.o(.constdata)
    .constdata                               0x080053f3   Section        4  sys_io.o(.constdata)
    .conststring                             0x080053f8   Section       84  main.o(.conststring)
    .data                                    0x24000000   Section       12  stm32h7xx_hal.o(.data)
    .data                                    0x2400000c   Section        8  system_stm32h7xx.o(.data)
    .data                                    0x24000014   Section        4  stdio_streams.o(.data)
    .data                                    0x24000018   Section        4  stdio_streams.o(.data)
    .data                                    0x2400001c   Section        4  stdio_streams.o(.data)
    .bss                                     0x24000020   Section       84  i2c.o(.bss)
    .bss                                     0x24000074   Section      296  usart.o(.bss)
    .bss                                     0x2400019c   Section       84  stdio_streams.o(.bss)
    .bss                                     0x240001f0   Section       84  stdio_streams.o(.bss)
    .bss                                     0x24000244   Section       84  stdio_streams.o(.bss)
    .bss                                     0x24000298   Section       96  libspace.o(.bss)
    HEAP                                     0x240002f8   Section      512  startup_stm32h743xx.o(HEAP)
    Heap_Mem                                 0x240002f8   Data         512  startup_stm32h743xx.o(HEAP)
    STACK                                    0x240004f8   Section     1024  startup_stm32h743xx.o(STACK)
    Stack_Mem                                0x240004f8   Data        1024  startup_stm32h743xx.o(STACK)
    __initial_sp                             0x240008f8   Data           0  startup_stm32h743xx.o(STACK)

    Global Symbols

    Symbol Name                              Value     Ov Type        Size  Object(Section)

    BuildAttributes$$THM_ISAv4$E$P$D$K$B$S$7EM$VFPv5_D16$PE$PLD8$A:L22UL41UL21$X:L11$S22US41US21$IEEE1$IW$USESV6$~STKCKD$USESV7$~SHL$OTIME$ROPI$EBA8$UX$STANDARDLIB$REQ8$PRES8$EABIv2 0x00000000   Number         0  anon$$obj.o ABSOLUTE
    __ARM_use_no_argv                        0x00000000   Number         0  main.o ABSOLUTE
    _printf_flags                            0x00000000   Number         0  printf_stubs.o ABSOLUTE
    _printf_return_value                     0x00000000   Number         0  printf_stubs.o ABSOLUTE
    _printf_sizespec                         0x00000000   Number         0  printf_stubs.o ABSOLUTE
    _printf_widthprec                        0x00000000   Number         0  printf_stubs.o ABSOLUTE
    __ARM_exceptions_init                     - Undefined Weak Reference
    __alloca_initialize                       - Undefined Weak Reference
    __arm_fini_                               - Undefined Weak Reference
    __arm_preinit_                            - Undefined Weak Reference
    __cpp_initialize__aeabi_                  - Undefined Weak Reference
    __cxa_finalize                            - Undefined Weak Reference
    __rt_locale                               - Undefined Weak Reference
    __sigvec_lookup                           - Undefined Weak Reference
    __user_heap_extent                        - Undefined Weak Reference
    _atexit_init                              - Undefined Weak Reference
    _call_atexit_fns                          - Undefined Weak Reference
    _clock_init                               - Undefined Weak Reference
    _fp_trap_init                             - Undefined Weak Reference
    _fp_trap_shutdown                         - Undefined Weak Reference
    _get_lc_collate                           - Undefined Weak Reference
    _get_lc_ctype                             - Undefined Weak Reference
    _get_lc_monetary                          - Undefined Weak Reference
    _get_lc_numeric                           - Undefined Weak Reference
    _get_lc_time                              - Undefined Weak Reference
    _getenv_init                              - Undefined Weak Reference
    _handle_redirection                       - Undefined Weak Reference
    _mutex_acquire                            - Undefined Weak Reference
    _mutex_free                               - Undefined Weak Reference
    _mutex_release                            - Undefined Weak Reference
    _printf_mbtowc                            - Undefined Weak Reference
    _printf_truncate_signed                   - Undefined Weak Reference
    _printf_truncate_unsigned                 - Undefined Weak Reference
    _rand_init                                - Undefined Weak Reference
    _signal_finish                            - Undefined Weak Reference
    _signal_init                              - Undefined Weak Reference
    __Vectors_Size                           0x00000298   Number         0  startup_stm32h743xx.o ABSOLUTE
    __Vectors                                0x08000000   Data           4  startup_stm32h743xx.o(RESET)
    __Vectors_End                            0x08000298   Data           0  startup_stm32h743xx.o(RESET)
    __main                                   0x08000299   Thumb Code     8  __main.o(!!!main)
    __scatterload                            0x080002a1   Thumb Code     0  __scatter.o(!!!scatter)
    __scatterload_rt2                        0x080002a1   Thumb Code    44  __scatter.o(!!!scatter)
    __scatterload_rt2_thumb_only             0x080002a1   Thumb Code     0  __scatter.o(!!!scatter)
    __scatterload_null                       0x080002af   Thumb Code     0  __scatter.o(!!!scatter)
    __scatterload_copy                       0x080002d5   Thumb Code    26  __scatter_copy.o(!!handler_copy)
    __scatterload_zeroinit                   0x080002f1   Thumb Code    28  __scatter_zi.o(!!handler_zi)
    _printf_d                                0x0800030d   Thumb Code     0  _printf_d.o(.ARM.Collect$$_printf_percent$$00000009)
    _printf_percent                          0x0800030d   Thumb Code     0  _printf_percent.o(.ARM.Collect$$_printf_percent$$00000000)
    _printf_x                                0x08000313   Thumb Code     0  _printf_x.o(.ARM.Collect$$_printf_percent$$0000000C)
    _printf_s                                0x08000319   Thumb Code     0  _printf_s.o(.ARM.Collect$$_printf_percent$$00000014)
    _printf_percent_end                      0x0800031f   Thumb Code     0  _printf_percent_end.o(.ARM.Collect$$_printf_percent$$00000017)
    __rt_lib_init                            0x08000323   Thumb Code     0  libinit.o(.ARM.Collect$$libinit$$00000000)
    __rt_lib_init_fp_1                       0x08000325   Thumb Code     0  libinit2.o(.ARM.Collect$$libinit$$00000001)
    __rt_lib_init_heap_2                     0x08000329   Thumb Code     0  libinit2.o(.ARM.Collect$$libinit$$00000005)
    __rt_lib_init_preinit_1                  0x08000329   Thumb Code     0  libinit2.o(.ARM.Collect$$libinit$$00000004)
    __rt_lib_init_atexit_1                   0x08000331   Thumb Code     0  libinit2.o(.ARM.Collect$$libinit$$0000001B)
    __rt_lib_init_clock_1                    0x08000331   Thumb Code     0  libinit2.o(.ARM.Collect$$libinit$$00000021)
    __rt_lib_init_fp_trap_1                  0x08000331   Thumb Code     0  libinit2.o(.ARM.Collect$$libinit$$0000001F)
    __rt_lib_init_getenv_1                   0x08000331   Thumb Code     0  libinit2.o(.ARM.Collect$$libinit$$00000023)
    __rt_lib_init_heap_1                     0x08000331   Thumb Code     0  libinit2.o(.ARM.Collect$$libinit$$0000000A)
    __rt_lib_init_lc_collate_1               0x08000331   Thumb Code     0  libinit2.o(.ARM.Collect$$libinit$$00000011)
    __rt_lib_init_lc_ctype_1                 0x08000331   Thumb Code     0  libinit2.o(.ARM.Collect$$libinit$$00000013)
    __rt_lib_init_lc_monetary_1              0x08000331   Thumb Code     0  libinit2.o(.ARM.Collect$$libinit$$00000015)
    __rt_lib_init_lc_numeric_1               0x08000331   Thumb Code     0  libinit2.o(.ARM.Collect$$libinit$$00000017)
    __rt_lib_init_lc_time_1                  0x08000331   Thumb Code     0  libinit2.o(.ARM.Collect$$libinit$$00000019)
    __rt_lib_init_rand_1                     0x08000331   Thumb Code     0  libinit2.o(.ARM.Collect$$libinit$$0000000E)
    __rt_lib_init_signal_1                   0x08000331   Thumb Code     0  libinit2.o(.ARM.Collect$$libinit$$0000001D)
    __rt_lib_init_stdio_2                    0x08000331   Thumb Code     0  libinit2.o(.ARM.Collect$$libinit$$00000024)
    __rt_lib_init_user_alloc_1               0x08000331   Thumb Code     0  libinit2.o(.ARM.Collect$$libinit$$0000000C)
    __rt_lib_init_alloca_1                   0x08000335   Thumb Code     0  libinit2.o(.ARM.Collect$$libinit$$0000002E)
    __rt_lib_init_argv_1                     0x08000335   Thumb Code     0  libinit2.o(.ARM.Collect$$libinit$$0000002C)
    __rt_lib_init_cpp_1                      0x08000335   Thumb Code     0  libinit2.o(.ARM.Collect$$libinit$$00000032)
    __rt_lib_init_exceptions_1               0x08000335   Thumb Code     0  libinit2.o(.ARM.Collect$$libinit$$00000030)
    __rt_lib_init_return                     0x08000335   Thumb Code     0  libinit2.o(.ARM.Collect$$libinit$$00000033)
    __rt_lib_init_stdio_1                    0x08000335   Thumb Code     0  libinit2.o(.ARM.Collect$$libinit$$00000025)
    __rt_lib_shutdown                        0x08000337   Thumb Code     0  libshutdown.o(.ARM.Collect$$libshutdown$$00000000)
    __rt_lib_shutdown_cpp_1                  0x08000339   Thumb Code     0  libshutdown2.o(.ARM.Collect$$libshutdown$$00000004)
    __rt_lib_shutdown_fini_1                 0x08000339   Thumb Code     0  libshutdown2.o(.ARM.Collect$$libshutdown$$00000002)
    __rt_lib_shutdown_stdio_2                0x08000339   Thumb Code     0  libshutdown2.o(.ARM.Collect$$libshutdown$$00000005)
    __rt_lib_shutdown_fp_trap_1              0x0800033d   Thumb Code     0  libshutdown2.o(.ARM.Collect$$libshutdown$$00000009)
    __rt_lib_shutdown_heap_1                 0x0800033d   Thumb Code     0  libshutdown2.o(.ARM.Collect$$libshutdown$$00000011)
    __rt_lib_shutdown_return                 0x0800033d   Thumb Code     0  libshutdown2.o(.ARM.Collect$$libshutdown$$00000012)
    __rt_lib_shutdown_signal_1               0x0800033d   Thumb Code     0  libshutdown2.o(.ARM.Collect$$libshutdown$$0000000C)
    __rt_lib_shutdown_stdio_1                0x0800033d   Thumb Code     0  libshutdown2.o(.ARM.Collect$$libshutdown$$00000006)
    __rt_lib_shutdown_user_alloc_1           0x0800033d   Thumb Code     0  libshutdown2.o(.ARM.Collect$$libshutdown$$0000000E)
    __rt_entry                               0x0800033f   Thumb Code     0  __rtentry.o(.ARM.Collect$$rtentry$$00000000)
    __rt_entry_presh_1                       0x0800033f   Thumb Code     0  __rtentry2.o(.ARM.Collect$$rtentry$$00000002)
    __rt_entry_sh                            0x0800033f   Thumb Code     0  __rtentry4.o(.ARM.Collect$$rtentry$$00000004)
    __rt_entry_li                            0x08000345   Thumb Code     0  __rtentry2.o(.ARM.Collect$$rtentry$$0000000A)
    __rt_entry_postsh_1                      0x08000345   Thumb Code     0  __rtentry2.o(.ARM.Collect$$rtentry$$00000009)
    __rt_entry_main                          0x08000349   Thumb Code     0  __rtentry2.o(.ARM.Collect$$rtentry$$0000000D)
    __rt_entry_postli_1                      0x08000349   Thumb Code     0  __rtentry2.o(.ARM.Collect$$rtentry$$0000000C)
    __rt_exit                                0x08000351   Thumb Code     0  rtexit.o(.ARM.Collect$$rtexit$$00000000)
    __rt_exit_ls                             0x08000353   Thumb Code     0  rtexit2.o(.ARM.Collect$$rtexit$$00000003)
    __rt_exit_prels_1                        0x08000353   Thumb Code     0  rtexit2.o(.ARM.Collect$$rtexit$$00000002)
    __rt_exit_exit                           0x08000357   Thumb Code     0  rtexit2.o(.ARM.Collect$$rtexit$$00000004)
    Reset_Handler                            0x0800035d   Thumb Code     8  startup_stm32h743xx.o(.text)
    _maybe_terminate_alloc                   0x0800035d   Thumb Code     0  maybetermalloc1.o(.emb_text)
    ADC3_IRQHandler                          0x08000377   Thumb Code     0  startup_stm32h743xx.o(.text)
    ADC_IRQHandler                           0x08000377   Thumb Code     0  startup_stm32h743xx.o(.text)
    BDMA_Channel0_IRQHandler                 0x08000377   Thumb Code     0  startup_stm32h743xx.o(.text)
    BDMA_Channel1_IRQHandler                 0x08000377   Thumb Code     0  startup_stm32h743xx.o(.text)
    BDMA_Channel2_IRQHandler                 0x08000377   Thumb Code     0  startup_stm32h743xx.o(.text)
    BDMA_Channel3_IRQHandler                 0x08000377   Thumb Code     0  startup_stm32h743xx.o(.text)
    BDMA_Channel4_IRQHandler                 0x08000377   Thumb Code     0  startup_stm32h743xx.o(.text)
    BDMA_Channel5_IRQHandler                 0x08000377   Thumb Code     0  startup_stm32h743xx.o(.text)
    BDMA_Channel6_IRQHandler                 0x08000377   Thumb Code     0  startup_stm32h743xx.o(.text)
    BDMA_Channel7_IRQHandler                 0x08000377   Thumb Code     0  startup_stm32h743xx.o(.text)
    CEC_IRQHandler                           0x08000377   Thumb Code     0  startup_stm32h743xx.o(.text)
    COMP1_IRQHandler                         0x08000377   Thumb Code     0  startup_stm32h743xx.o(.text)
    CRS_IRQHandler                           0x08000377   Thumb Code     0  startup_stm32h743xx.o(.text)
    DCMI_IRQHandler                          0x08000377   Thumb Code     0  startup_stm32h743xx.o(.text)
    DFSDM1_FLT0_IRQHandler                   0x08000377   Thumb Code     0  startup_stm32h743xx.o(.text)
    DFSDM1_FLT1_IRQHandler                   0x08000377   Thumb Code     0  startup_stm32h743xx.o(.text)
    DFSDM1_FLT2_IRQHandler                   0x08000377   Thumb Code     0  startup_stm32h743xx.o(.text)
    DFSDM1_FLT3_IRQHandler                   0x08000377   Thumb Code     0  startup_stm32h743xx.o(.text)
    DMA1_Stream0_IRQHandler                  0x08000377   Thumb Code     0  startup_stm32h743xx.o(.text)
    DMA1_Stream1_IRQHandler                  0x08000377   Thumb Code     0  startup_stm32h743xx.o(.text)
    DMA1_Stream2_IRQHandler                  0x08000377   Thumb Code     0  startup_stm32h743xx.o(.text)
    DMA1_Stream3_IRQHandler                  0x08000377   Thumb Code     0  startup_stm32h743xx.o(.text)
    DMA1_Stream4_IRQHandler                  0x08000377   Thumb Code     0  startup_stm32h743xx.o(.text)
    DMA1_Stream5_IRQHandler                  0x08000377   Thumb Code     0  startup_stm32h743xx.o(.text)
    DMA1_Stream6_IRQHandler                  0x08000377   Thumb Code     0  startup_stm32h743xx.o(.text)
    DMA1_Stream7_IRQHandler                  0x08000377   Thumb Code     0  startup_stm32h743xx.o(.text)
    DMA2D_IRQHandler                         0x08000377   Thumb Code     0  startup_stm32h743xx.o(.text)
    DMA2_Stream0_IRQHandler                  0x08000377   Thumb Code     0  startup_stm32h743xx.o(.text)
    DMA2_Stream1_IRQHandler                  0x08000377   Thumb Code     0  startup_stm32h743xx.o(.text)
    DMA2_Stream2_IRQHandler                  0x08000377   Thumb Code     0  startup_stm32h743xx.o(.text)
    DMA2_Stream3_IRQHandler                  0x08000377   Thumb Code     0  startup_stm32h743xx.o(.text)
    DMA2_Stream4_IRQHandler                  0x08000377   Thumb Code     0  startup_stm32h743xx.o(.text)
    DMA2_Stream5_IRQHandler                  0x08000377   Thumb Code     0  startup_stm32h743xx.o(.text)
    DMA2_Stream6_IRQHandler                  0x08000377   Thumb Code     0  startup_stm32h743xx.o(.text)
    DMA2_Stream7_IRQHandler                  0x08000377   Thumb Code     0  startup_stm32h743xx.o(.text)
    DMAMUX1_OVR_IRQHandler                   0x08000377   Thumb Code     0  startup_stm32h743xx.o(.text)
    DMAMUX2_OVR_IRQHandler                   0x08000377   Thumb Code     0  startup_stm32h743xx.o(.text)
    ECC_IRQHandler                           0x08000377   Thumb Code     0  startup_stm32h743xx.o(.text)
    ETH_IRQHandler                           0x08000377   Thumb Code     0  startup_stm32h743xx.o(.text)
    ETH_WKUP_IRQHandler                      0x08000377   Thumb Code     0  startup_stm32h743xx.o(.text)
    EXTI0_IRQHandler                         0x08000377   Thumb Code     0  startup_stm32h743xx.o(.text)
    EXTI15_10_IRQHandler                     0x08000377   Thumb Code     0  startup_stm32h743xx.o(.text)
    EXTI1_IRQHandler                         0x08000377   Thumb Code     0  startup_stm32h743xx.o(.text)
    EXTI2_IRQHandler                         0x08000377   Thumb Code     0  startup_stm32h743xx.o(.text)
    EXTI3_IRQHandler                         0x08000377   Thumb Code     0  startup_stm32h743xx.o(.text)
    EXTI4_IRQHandler                         0x08000377   Thumb Code     0  startup_stm32h743xx.o(.text)
    EXTI9_5_IRQHandler                       0x08000377   Thumb Code     0  startup_stm32h743xx.o(.text)
    FDCAN1_IT0_IRQHandler                    0x08000377   Thumb Code     0  startup_stm32h743xx.o(.text)
    FDCAN1_IT1_IRQHandler                    0x08000377   Thumb Code     0  startup_stm32h743xx.o(.text)
    FDCAN2_IT0_IRQHandler                    0x08000377   Thumb Code     0  startup_stm32h743xx.o(.text)
    FDCAN2_IT1_IRQHandler                    0x08000377   Thumb Code     0  startup_stm32h743xx.o(.text)
    FDCAN_CAL_IRQHandler                     0x08000377   Thumb Code     0  startup_stm32h743xx.o(.text)
    FLASH_IRQHandler                         0x08000377   Thumb Code     0  startup_stm32h743xx.o(.text)
    FMC_IRQHandler                           0x08000377   Thumb Code     0  startup_stm32h743xx.o(.text)
    FPU_IRQHandler                           0x08000377   Thumb Code     0  startup_stm32h743xx.o(.text)
    HRTIM1_FLT_IRQHandler                    0x08000377   Thumb Code     0  startup_stm32h743xx.o(.text)
    HRTIM1_Master_IRQHandler                 0x08000377   Thumb Code     0  startup_stm32h743xx.o(.text)
    HRTIM1_TIMA_IRQHandler                   0x08000377   Thumb Code     0  startup_stm32h743xx.o(.text)
    HRTIM1_TIMB_IRQHandler                   0x08000377   Thumb Code     0  startup_stm32h743xx.o(.text)
    HRTIM1_TIMC_IRQHandler                   0x08000377   Thumb Code     0  startup_stm32h743xx.o(.text)
    HRTIM1_TIMD_IRQHandler                   0x08000377   Thumb Code     0  startup_stm32h743xx.o(.text)
    HRTIM1_TIME_IRQHandler                   0x08000377   Thumb Code     0  startup_stm32h743xx.o(.text)
    HSEM1_IRQHandler                         0x08000377   Thumb Code     0  startup_stm32h743xx.o(.text)
    I2C1_ER_IRQHandler                       0x08000377   Thumb Code     0  startup_stm32h743xx.o(.text)
    I2C1_EV_IRQHandler                       0x08000377   Thumb Code     0  startup_stm32h743xx.o(.text)
    I2C2_ER_IRQHandler                       0x08000377   Thumb Code     0  startup_stm32h743xx.o(.text)
    I2C2_EV_IRQHandler                       0x08000377   Thumb Code     0  startup_stm32h743xx.o(.text)
    I2C3_ER_IRQHandler                       0x08000377   Thumb Code     0  startup_stm32h743xx.o(.text)
    I2C3_EV_IRQHandler                       0x08000377   Thumb Code     0  startup_stm32h743xx.o(.text)
    I2C4_ER_IRQHandler                       0x08000377   Thumb Code     0  startup_stm32h743xx.o(.text)
    I2C4_EV_IRQHandler                       0x08000377   Thumb Code     0  startup_stm32h743xx.o(.text)
    JPEG_IRQHandler                          0x08000377   Thumb Code     0  startup_stm32h743xx.o(.text)
    LPTIM1_IRQHandler                        0x08000377   Thumb Code     0  startup_stm32h743xx.o(.text)
    LPTIM2_IRQHandler                        0x08000377   Thumb Code     0  startup_stm32h743xx.o(.text)
    LPTIM3_IRQHandler                        0x08000377   Thumb Code     0  startup_stm32h743xx.o(.text)
    LPTIM4_IRQHandler                        0x08000377   Thumb Code     0  startup_stm32h743xx.o(.text)
    LPTIM5_IRQHandler                        0x08000377   Thumb Code     0  startup_stm32h743xx.o(.text)
    LPUART1_IRQHandler                       0x08000377   Thumb Code     0  startup_stm32h743xx.o(.text)
    LTDC_ER_IRQHandler                       0x08000377   Thumb Code     0  startup_stm32h743xx.o(.text)
    LTDC_IRQHandler                          0x08000377   Thumb Code     0  startup_stm32h743xx.o(.text)
    MDIOS_IRQHandler                         0x08000377   Thumb Code     0  startup_stm32h743xx.o(.text)
    MDIOS_WKUP_IRQHandler                    0x08000377   Thumb Code     0  startup_stm32h743xx.o(.text)
    MDMA_IRQHandler                          0x08000377   Thumb Code     0  startup_stm32h743xx.o(.text)
    OTG_FS_EP1_IN_IRQHandler                 0x08000377   Thumb Code     0  startup_stm32h743xx.o(.text)
    OTG_FS_EP1_OUT_IRQHandler                0x08000377   Thumb Code     0  startup_stm32h743xx.o(.text)
    OTG_FS_IRQHandler                        0x08000377   Thumb Code     0  startup_stm32h743xx.o(.text)
    OTG_FS_WKUP_IRQHandler                   0x08000377   Thumb Code     0  startup_stm32h743xx.o(.text)
    OTG_HS_EP1_IN_IRQHandler                 0x08000377   Thumb Code     0  startup_stm32h743xx.o(.text)
    OTG_HS_EP1_OUT_IRQHandler                0x08000377   Thumb Code     0  startup_stm32h743xx.o(.text)
    OTG_HS_IRQHandler                        0x08000377   Thumb Code     0  startup_stm32h743xx.o(.text)
    OTG_HS_WKUP_IRQHandler                   0x08000377   Thumb Code     0  startup_stm32h743xx.o(.text)
    PVD_AVD_IRQHandler                       0x08000377   Thumb Code     0  startup_stm32h743xx.o(.text)
    QUADSPI_IRQHandler                       0x08000377   Thumb Code     0  startup_stm32h743xx.o(.text)
    RCC_IRQHandler                           0x08000377   Thumb Code     0  startup_stm32h743xx.o(.text)
    RNG_IRQHandler                           0x08000377   Thumb Code     0  startup_stm32h743xx.o(.text)
    RTC_Alarm_IRQHandler                     0x08000377   Thumb Code     0  startup_stm32h743xx.o(.text)
    RTC_WKUP_IRQHandler                      0x08000377   Thumb Code     0  startup_stm32h743xx.o(.text)
    SAI1_IRQHandler                          0x08000377   Thumb Code     0  startup_stm32h743xx.o(.text)
    SAI2_IRQHandler                          0x08000377   Thumb Code     0  startup_stm32h743xx.o(.text)
    SAI3_IRQHandler                          0x08000377   Thumb Code     0  startup_stm32h743xx.o(.text)
    SAI4_IRQHandler                          0x08000377   Thumb Code     0  startup_stm32h743xx.o(.text)
    SDMMC1_IRQHandler                        0x08000377   Thumb Code     0  startup_stm32h743xx.o(.text)
    SDMMC2_IRQHandler                        0x08000377   Thumb Code     0  startup_stm32h743xx.o(.text)
    SPDIF_RX_IRQHandler                      0x08000377   Thumb Code     0  startup_stm32h743xx.o(.text)
    SPI1_IRQHandler                          0x08000377   Thumb Code     0  startup_stm32h743xx.o(.text)
    SPI2_IRQHandler                          0x08000377   Thumb Code     0  startup_stm32h743xx.o(.text)
    SPI3_IRQHandler                          0x08000377   Thumb Code     0  startup_stm32h743xx.o(.text)
    SPI4_IRQHandler                          0x08000377   Thumb Code     0  startup_stm32h743xx.o(.text)
    SPI5_IRQHandler                          0x08000377   Thumb Code     0  startup_stm32h743xx.o(.text)
    SPI6_IRQHandler                          0x08000377   Thumb Code     0  startup_stm32h743xx.o(.text)
    SWPMI1_IRQHandler                        0x08000377   Thumb Code     0  startup_stm32h743xx.o(.text)
    TAMP_STAMP_IRQHandler                    0x08000377   Thumb Code     0  startup_stm32h743xx.o(.text)
    TIM15_IRQHandler                         0x08000377   Thumb Code     0  startup_stm32h743xx.o(.text)
    TIM16_IRQHandler                         0x08000377   Thumb Code     0  startup_stm32h743xx.o(.text)
    TIM17_IRQHandler                         0x08000377   Thumb Code     0  startup_stm32h743xx.o(.text)
    TIM1_BRK_IRQHandler                      0x08000377   Thumb Code     0  startup_stm32h743xx.o(.text)
    TIM1_CC_IRQHandler                       0x08000377   Thumb Code     0  startup_stm32h743xx.o(.text)
    TIM1_TRG_COM_IRQHandler                  0x08000377   Thumb Code     0  startup_stm32h743xx.o(.text)
    TIM1_UP_IRQHandler                       0x08000377   Thumb Code     0  startup_stm32h743xx.o(.text)
    TIM2_IRQHandler                          0x08000377   Thumb Code     0  startup_stm32h743xx.o(.text)
    TIM3_IRQHandler                          0x08000377   Thumb Code     0  startup_stm32h743xx.o(.text)
    TIM4_IRQHandler                          0x08000377   Thumb Code     0  startup_stm32h743xx.o(.text)
    TIM5_IRQHandler                          0x08000377   Thumb Code     0  startup_stm32h743xx.o(.text)
    TIM6_DAC_IRQHandler                      0x08000377   Thumb Code     0  startup_stm32h743xx.o(.text)
    TIM7_IRQHandler                          0x08000377   Thumb Code     0  startup_stm32h743xx.o(.text)
    TIM8_BRK_TIM12_IRQHandler                0x08000377   Thumb Code     0  startup_stm32h743xx.o(.text)
    TIM8_CC_IRQHandler                       0x08000377   Thumb Code     0  startup_stm32h743xx.o(.text)
    TIM8_TRG_COM_TIM14_IRQHandler            0x08000377   Thumb Code     0  startup_stm32h743xx.o(.text)
    TIM8_UP_TIM13_IRQHandler                 0x08000377   Thumb Code     0  startup_stm32h743xx.o(.text)
    UART4_IRQHandler                         0x08000377   Thumb Code     0  startup_stm32h743xx.o(.text)
    UART5_IRQHandler                         0x08000377   Thumb Code     0  startup_stm32h743xx.o(.text)
    UART7_IRQHandler                         0x08000377   Thumb Code     0  startup_stm32h743xx.o(.text)
    UART8_IRQHandler                         0x08000377   Thumb Code     0  startup_stm32h743xx.o(.text)
    USART1_IRQHandler                        0x08000377   Thumb Code     0  startup_stm32h743xx.o(.text)
    USART3_IRQHandler                        0x08000377   Thumb Code     0  startup_stm32h743xx.o(.text)
    USART6_IRQHandler                        0x08000377   Thumb Code     0  startup_stm32h743xx.o(.text)
    WAKEUP_PIN_IRQHandler                    0x08000377   Thumb Code     0  startup_stm32h743xx.o(.text)
    WWDG_IRQHandler                          0x08000377   Thumb Code     0  startup_stm32h743xx.o(.text)
    __user_initial_stackheap                 0x08000379   Thumb Code     0  startup_stm32h743xx.o(.text)
    __aeabi_uldivmod                         0x0800039d   Thumb Code     0  lludivv7m.o(.text)
    _ll_udiv                                 0x0800039d   Thumb Code   238  lludivv7m.o(.text)
    __2printf                                0x0800048d   Thumb Code    20  noretval__2printf.o(.text)
    _printf_pre_padding                      0x080004a5   Thumb Code    44  _printf_pad.o(.text)
    _printf_post_padding                     0x080004d1   Thumb Code    34  _printf_pad.o(.text)
    _printf_str                              0x080004f3   Thumb Code    82  _printf_str.o(.text)
    _printf_int_dec                          0x08000545   Thumb Code   104  _printf_dec.o(.text)
    _printf_int_hex                          0x080005bd   Thumb Code    84  _printf_hex_int.o(.text)
    _printf_longlong_hex                     0x080005bd   Thumb Code     0  _printf_hex_int.o(.text)
    __printf                                 0x08000615   Thumb Code   308  __printf_flags_wp.o(.text)
    __aeabi_memcpy                           0x0800074d   Thumb Code     0  rt_memcpy_v6.o(.text)
    __rt_memcpy                              0x0800074d   Thumb Code   138  rt_memcpy_v6.o(.text)
    _memcpy_lastbytes                        0x080007b3   Thumb Code     0  rt_memcpy_v6.o(.text)
    __aeabi_memclr4                          0x080007d7   Thumb Code     0  rt_memclr_w.o(.text)
    __aeabi_memclr8                          0x080007d7   Thumb Code     0  rt_memclr_w.o(.text)
    __rt_memclr_w                            0x080007d7   Thumb Code    78  rt_memclr_w.o(.text)
    _memset_w                                0x080007db   Thumb Code     0  rt_memclr_w.o(.text)
    __use_two_region_memory                  0x08000825   Thumb Code     2  heapauxi.o(.text)
    __rt_heap_escrow                         0x08000827   Thumb Code     2  heapauxi.o(.text)
    __rt_heap_expand                         0x08000829   Thumb Code     2  heapauxi.o(.text)
    _printf_int_common                       0x0800082b   Thumb Code   178  _printf_intcommon.o(.text)
    _printf_cs_common                        0x080008dd   Thumb Code    20  _printf_char.o(.text)
    _printf_char                             0x080008f1   Thumb Code    16  _printf_char.o(.text)
    _printf_string                           0x08000901   Thumb Code     8  _printf_char.o(.text)
    _printf_char_file                        0x08000909   Thumb Code    32  _printf_char_file.o(.text)
    __aeabi_memcpy4                          0x0800092d   Thumb Code     0  rt_memcpy_w.o(.text)
    __aeabi_memcpy8                          0x0800092d   Thumb Code     0  rt_memcpy_w.o(.text)
    __rt_memcpy_w                            0x0800092d   Thumb Code   100  rt_memcpy_w.o(.text)
    _memcpy_lastbytes_aligned                0x08000975   Thumb Code     0  rt_memcpy_w.o(.text)
    _printf_char_common                      0x0800099b   Thumb Code    32  _printf_char_common.o(.text)
    ferror                                   0x080009c1   Thumb Code     8  ferror.o(.text)
    _initio                                  0x080009c9   Thumb Code   210  initio.o(.text)
    _terminateio                             0x08000a9b   Thumb Code    56  initio.o(.text)
    _sys_open                                0x08000b01   Thumb Code    20  sys_io.o(.text)
    _sys_close                               0x08000b15   Thumb Code    12  sys_io.o(.text)
    _sys_write                               0x08000b21   Thumb Code    16  sys_io.o(.text)
    _sys_read                                0x08000b31   Thumb Code    14  sys_io.o(.text)
    _sys_istty                               0x08000b3f   Thumb Code    12  sys_io.o(.text)
    _sys_seek                                0x08000b4b   Thumb Code    14  sys_io.o(.text)
    _sys_ensure                              0x08000b59   Thumb Code     2  sys_io.o(.text)
    _sys_flen                                0x08000b5b   Thumb Code    12  sys_io.o(.text)
    __user_setup_stackheap                   0x08000b67   Thumb Code    74  sys_stackheap_outer.o(.text)
    free                                     0x08000bb1   Thumb Code    78  h1_free.o(.text)
    __flsbuf                                 0x08000bff   Thumb Code   470  flsbuf.o(.text)
    __flsbuf_byte                            0x08000bff   Thumb Code     0  flsbuf.o(.text)
    __flsbuf_wide                            0x08000bff   Thumb Code     0  flsbuf.o(.text)
    setvbuf                                  0x08000dd5   Thumb Code    70  setvbuf.o(.text)
    freopen                                  0x08000e1d   Thumb Code   158  fopen.o(.text)
    fopen                                    0x08000ebb   Thumb Code    74  fopen.o(.text)
    _fclose_internal                         0x08000f09   Thumb Code    76  fclose.o(.text)
    fclose                                   0x08000f09   Thumb Code     0  fclose.o(.text)
    exit                                     0x08000f55   Thumb Code    18  exit.o(.text)
    __rt_SIGRTRED                            0x08000f67   Thumb Code    14  defsig_rtred_outer.o(.text)
    __user_libspace                          0x08000f75   Thumb Code     8  libspace.o(.text)
    __user_perproc_libspace                  0x08000f75   Thumb Code     0  libspace.o(.text)
    __user_perthread_libspace                0x08000f75   Thumb Code     0  libspace.o(.text)
    __I$use$semihosting                      0x08000f7d   Thumb Code     0  use_no_semi.o(.text)
    __use_no_semihosting_swi                 0x08000f7d   Thumb Code     2  use_no_semi.o(.text)
    __semihosting_library_function           0x08000f7f   Thumb Code     0  indicate_semi.o(.text)
    __rt_heap_descriptor                     0x08000f81   Thumb Code     8  rt_heap_descriptor_intlibspace.o(.text)
    __use_no_heap                            0x08000f89   Thumb Code     2  hguard.o(.text)
    __heap$guard                             0x08000f8b   Thumb Code     2  hguard.o(.text)
    _terminate_user_alloc                    0x08000f8d   Thumb Code     2  init_alloc.o(.text)
    _init_user_alloc                         0x08000f8f   Thumb Code     2  init_alloc.o(.text)
    __Heap_Full                              0x08000f91   Thumb Code    34  init_alloc.o(.text)
    __Heap_Broken                            0x08000fb3   Thumb Code     6  init_alloc.o(.text)
    _init_alloc                              0x08000fb9   Thumb Code    94  init_alloc.o(.text)
    malloc                                   0x08001017   Thumb Code    94  h1_alloc.o(.text)
    _fseek                                   0x08001075   Thumb Code   242  fseek.o(.text)
    fseek                                    0x08001075   Thumb Code     0  fseek.o(.text)
    _seterr                                  0x0800116d   Thumb Code    20  stdio.o(.text)
    _writebuf                                0x08001181   Thumb Code    84  stdio.o(.text)
    _fflush                                  0x080011d5   Thumb Code    70  stdio.o(.text)
    _deferredlazyseek                        0x0800121b   Thumb Code    60  stdio.o(.text)
    __sig_exit                               0x0800125d   Thumb Code    10  defsig_exit.o(.text)
    __rt_SIGRTRED_inner                      0x08001269   Thumb Code    14  defsig_rtred_inner.o(.text)
    strlen                                   0x0800129d   Thumb Code    62  strlen.o(.text)
    __Heap_Initialize                        0x080012db   Thumb Code    10  h1_init.o(.text)
    __Heap_DescSize                          0x080012e5   Thumb Code     4  h1_init.o(.text)
    __Heap_ProvideMemory                     0x080012e9   Thumb Code    52  h1_extend.o(.text)
    _ftell_internal                          0x0800131d   Thumb Code    66  ftell.o(.text)
    ftell                                    0x0800131d   Thumb Code     0  ftell.o(.text)
    __default_signal_display                 0x0800135f   Thumb Code    50  defsig_general.o(.text)
    __rt_SIGRTMEM                            0x08001391   Thumb Code    14  defsig_rtmem_outer.o(.text)
    __aeabi_errno_addr                       0x080013a1   Thumb Code     8  rt_errno_addr_intlibspace.o(.text)
    __errno$intlibspace                      0x080013a1   Thumb Code     0  rt_errno_addr_intlibspace.o(.text)
    __rt_errno_addr$intlibspace              0x080013a1   Thumb Code     0  rt_errno_addr_intlibspace.o(.text)
    __rt_SIGRTMEM_inner                      0x080013a9   Thumb Code    22  defsig_rtmem_inner.o(.text)
    BusFault_Handler                         0x080013f9   Thumb Code     2  stm32h7xx_it.o(i.BusFault_Handler)
    DebugMon_Handler                         0x080013fb   Thumb Code     2  stm32h7xx_it.o(i.DebugMon_Handler)
    Error_Handler                            0x080013fd   Thumb Code     4  main.o(i.Error_Handler)
    HAL_DMA_Abort                            0x08001401   Thumb Code   836  stm32h7xx_hal_dma.o(i.HAL_DMA_Abort)
    HAL_DMA_Abort_IT                         0x08001761   Thumb Code   602  stm32h7xx_hal_dma.o(i.HAL_DMA_Abort_IT)
    HAL_Delay                                0x080019e5   Thumb Code    32  stm32h7xx_hal.o(i.HAL_Delay)
    HAL_GPIO_Init                            0x08001a09   Thumb Code   506  stm32h7xx_hal_gpio.o(i.HAL_GPIO_Init)
    HAL_GPIO_TogglePin                       0x08001c35   Thumb Code    16  stm32h7xx_hal_gpio.o(i.HAL_GPIO_TogglePin)
    HAL_GPIO_WritePin                        0x08001c45   Thumb Code    10  stm32h7xx_hal_gpio.o(i.HAL_GPIO_WritePin)
    HAL_GetREVID                             0x08001c51   Thumb Code     8  stm32h7xx_hal.o(i.HAL_GetREVID)
    HAL_GetTick                              0x08001c5d   Thumb Code     6  stm32h7xx_hal.o(i.HAL_GetTick)
    HAL_I2CEx_ConfigAnalogFilter             0x08001c69   Thumb Code    88  stm32h7xx_hal_i2c_ex.o(i.HAL_I2CEx_ConfigAnalogFilter)
    HAL_I2CEx_ConfigDigitalFilter            0x08001cc1   Thumb Code    84  stm32h7xx_hal_i2c_ex.o(i.HAL_I2CEx_ConfigDigitalFilter)
    HAL_I2C_Init                             0x08001d15   Thumb Code   186  stm32h7xx_hal_i2c.o(i.HAL_I2C_Init)
    HAL_I2C_Master_Transmit                  0x08001dd5   Thumb Code   324  stm32h7xx_hal_i2c.o(i.HAL_I2C_Master_Transmit)
    HAL_I2C_MspInit                          0x08001f21   Thumb Code   120  i2c.o(i.HAL_I2C_MspInit)
    HAL_IncTick                              0x08001fa5   Thumb Code    12  stm32h7xx_hal.o(i.HAL_IncTick)
    HAL_Init                                 0x08001fb5   Thumb Code    74  stm32h7xx_hal.o(i.HAL_Init)
    HAL_InitTick                             0x08002011   Thumb Code    56  stm32h7xx_hal.o(i.HAL_InitTick)
    HAL_MspInit                              0x08002051   Thumb Code    22  stm32h7xx_hal_msp.o(i.HAL_MspInit)
    HAL_NVIC_EnableIRQ                       0x0800206d   Thumb Code    26  stm32h7xx_hal_cortex.o(i.HAL_NVIC_EnableIRQ)
    HAL_NVIC_SetPriority                     0x08002089   Thumb Code    60  stm32h7xx_hal_cortex.o(i.HAL_NVIC_SetPriority)
    HAL_NVIC_SetPriorityGrouping             0x080020c9   Thumb Code    28  stm32h7xx_hal_cortex.o(i.HAL_NVIC_SetPriorityGrouping)
    HAL_PWREx_ConfigSupply                   0x080020ed   Thumb Code    78  stm32h7xx_hal_pwr_ex.o(i.HAL_PWREx_ConfigSupply)
    HAL_RCCEx_GetD3PCLK1Freq                 0x08002141   Thumb Code    26  stm32h7xx_hal_rcc_ex.o(i.HAL_RCCEx_GetD3PCLK1Freq)
    HAL_RCCEx_GetPLL2ClockFreq               0x08002165   Thumb Code   296  stm32h7xx_hal_rcc_ex.o(i.HAL_RCCEx_GetPLL2ClockFreq)
    HAL_RCCEx_GetPLL3ClockFreq               0x080022a9   Thumb Code   296  stm32h7xx_hal_rcc_ex.o(i.HAL_RCCEx_GetPLL3ClockFreq)
    HAL_RCCEx_PeriphCLKConfig                0x080023ed   Thumb Code  2472  stm32h7xx_hal_rcc_ex.o(i.HAL_RCCEx_PeriphCLKConfig)
    HAL_RCC_ClockConfig                      0x08002d99   Thumb Code   580  stm32h7xx_hal_rcc.o(i.HAL_RCC_ClockConfig)
    HAL_RCC_GetHCLKFreq                      0x08002ff5   Thumb Code    52  stm32h7xx_hal_rcc.o(i.HAL_RCC_GetHCLKFreq)
    HAL_RCC_GetPCLK1Freq                     0x08003039   Thumb Code    26  stm32h7xx_hal_rcc.o(i.HAL_RCC_GetPCLK1Freq)
    HAL_RCC_GetPCLK2Freq                     0x0800305d   Thumb Code    26  stm32h7xx_hal_rcc.o(i.HAL_RCC_GetPCLK2Freq)
    HAL_RCC_GetSysClockFreq                  0x08003081   Thumb Code   278  stm32h7xx_hal_rcc.o(i.HAL_RCC_GetSysClockFreq)
    HAL_RCC_OscConfig                        0x080031b9   Thumb Code  1410  stm32h7xx_hal_rcc.o(i.HAL_RCC_OscConfig)
    HAL_SYSTICK_Config                       0x0800373b   Thumb Code    38  stm32h7xx_hal_cortex.o(i.HAL_SYSTICK_Config)
    HAL_UARTEx_DisableFifoMode               0x08003761   Thumb Code    64  stm32h7xx_hal_uart_ex.o(i.HAL_UARTEx_DisableFifoMode)
    HAL_UARTEx_RxEventCallback               0x080037a1   Thumb Code     2  stm32h7xx_hal_uart.o(i.HAL_UARTEx_RxEventCallback)
    HAL_UARTEx_RxFifoFullCallback            0x080037a3   Thumb Code     2  stm32h7xx_hal_uart_ex.o(i.HAL_UARTEx_RxFifoFullCallback)
    HAL_UARTEx_SetRxFifoThreshold            0x080037a5   Thumb Code    76  stm32h7xx_hal_uart_ex.o(i.HAL_UARTEx_SetRxFifoThreshold)
    HAL_UARTEx_SetTxFifoThreshold            0x080037f1   Thumb Code    76  stm32h7xx_hal_uart_ex.o(i.HAL_UARTEx_SetTxFifoThreshold)
    HAL_UARTEx_TxFifoEmptyCallback           0x0800383d   Thumb Code     2  stm32h7xx_hal_uart_ex.o(i.HAL_UARTEx_TxFifoEmptyCallback)
    HAL_UARTEx_WakeupCallback                0x0800383f   Thumb Code     2  stm32h7xx_hal_uart_ex.o(i.HAL_UARTEx_WakeupCallback)
    HAL_UART_ErrorCallback                   0x08003841   Thumb Code     2  stm32h7xx_hal_uart.o(i.HAL_UART_ErrorCallback)
    HAL_UART_IRQHandler                      0x08003845   Thumb Code   878  stm32h7xx_hal_uart.o(i.HAL_UART_IRQHandler)
    HAL_UART_Init                            0x08003bcd   Thumb Code   106  stm32h7xx_hal_uart.o(i.HAL_UART_Init)
    HAL_UART_MspInit                         0x08003c39   Thumb Code   232  usart.o(i.HAL_UART_MspInit)
    HAL_UART_Receive                         0x08003d31   Thumb Code   232  stm32h7xx_hal_uart.o(i.HAL_UART_Receive)
    HAL_UART_Transmit                        0x08003e19   Thumb Code   176  stm32h7xx_hal_uart.o(i.HAL_UART_Transmit)
    HAL_UART_TxCpltCallback                  0x08003ec9   Thumb Code     2  stm32h7xx_hal_uart.o(i.HAL_UART_TxCpltCallback)
    HardFault_Handler                        0x08003ecb   Thumb Code     2  stm32h7xx_it.o(i.HardFault_Handler)
    MX_GPIO_Init                             0x0800417d   Thumb Code   100  gpio.o(i.MX_GPIO_Init)
    MX_I2C2_Init                             0x080041e9   Thumb Code    76  i2c.o(i.MX_I2C2_Init)
    MX_USART1_UART_Init                      0x08004241   Thumb Code    94  usart.o(i.MX_USART1_UART_Init)
    MX_USART2_UART_Init                      0x080042a9   Thumb Code    94  usart.o(i.MX_USART2_UART_Init)
    MemManage_Handler                        0x08004311   Thumb Code     2  stm32h7xx_it.o(i.MemManage_Handler)
    NMI_Handler                              0x08004313   Thumb Code     2  stm32h7xx_it.o(i.NMI_Handler)
    PelcoD_Control_And_Query                 0x08004315   Thumb Code   302  main.o(i.PelcoD_Control_And_Query)
    PendSV_Handler                           0x08004579   Thumb Code     2  stm32h7xx_it.o(i.PendSV_Handler)
    SVC_Handler                              0x080047f9   Thumb Code     2  stm32h7xx_it.o(i.SVC_Handler)
    Set_RS485_Direction                      0x080047fd   Thumb Code    40  main.o(i.Set_RS485_Direction)
    SysTick_Handler                          0x08004829   Thumb Code     4  stm32h7xx_it.o(i.SysTick_Handler)
    SystemClock_Config                       0x0800482d   Thumb Code   156  main.o(i.SystemClock_Config)
    SystemInit                               0x080048d1   Thumb Code   180  system_stm32h7xx.o(i.SystemInit)
    UART_AdvFeatureConfig                    0x080049f1   Thumb Code   200  stm32h7xx_hal_uart.o(i.UART_AdvFeatureConfig)
    UART_CheckIdleState                      0x08004ab9   Thumb Code   170  stm32h7xx_hal_uart.o(i.UART_CheckIdleState)
    UART_SetConfig                           0x08004bcd   Thumb Code   876  stm32h7xx_hal_uart.o(i.UART_SetConfig)
    UART_WaitOnFlagUntilTimeout              0x08004f79   Thumb Code   148  stm32h7xx_hal_uart.o(i.UART_WaitOnFlagUntilTimeout)
    USART2_IRQHandler                        0x0800500d   Thumb Code     6  stm32h7xx_it.o(i.USART2_IRQHandler)
    UsageFault_Handler                       0x08005019   Thumb Code     2  stm32h7xx_it.o(i.UsageFault_Handler)
    _is_digit                                0x0800503d   Thumb Code    14  __printf_wp.o(i._is_digit)
    _sys_exit                                0x0800504b   Thumb Code     2  main.o(i._sys_exit)
    _ttywrch                                 0x0800504d   Thumb Code     2  main.o(i._ttywrch)
    delay_us                                 0x08005051   Thumb Code    26  main.o(i.delay_us)
    fputc                                    0x08005079   Thumb Code    26  fputc.o(i.fputc)
    main                                     0x08005095   Thumb Code   310  main.o(i.main)
    _fp_init                                 0x08005371   Thumb Code    10  fpinit.o(x$fpl$fpinit)
    __fplib_config_fpu_vfp                   0x08005379   Thumb Code     0  fpinit.o(x$fpl$fpinit)
    __fplib_config_pureend_doubles           0x08005379   Thumb Code     0  fpinit.o(x$fpl$fpinit)
    UARTPrescTable                           0x0800537a   Data          24  stm32h7xx_hal_uart.o(.constdata)
    D1CorePrescTable                         0x080053a2   Data          16  system_stm32h7xx.o(.constdata)
    __stdin_name                             0x080053eb   Data           4  sys_io.o(.constdata)
    __stdout_name                            0x080053ef   Data           4  sys_io.o(.constdata)
    __stderr_name                            0x080053f3   Data           4  sys_io.o(.constdata)
    Region$$Table$$Base                      0x0800544c   Number         0  anon$$obj.o(Region$$Table)
    Region$$Table$$Limit                     0x0800546c   Number         0  anon$$obj.o(Region$$Table)
    uwTickFreq                               0x24000000   Data           1  stm32h7xx_hal.o(.data)
    uwTickPrio                               0x24000004   Data           4  stm32h7xx_hal.o(.data)
    uwTick                                   0x24000008   Data           4  stm32h7xx_hal.o(.data)
    SystemCoreClock                          0x2400000c   Data           4  system_stm32h7xx.o(.data)
    SystemD2Clock                            0x24000010   Data           4  system_stm32h7xx.o(.data)
    __aeabi_stdin                            0x24000014   Data           4  stdio_streams.o(.data)
    __aeabi_stdout                           0x24000018   Data           4  stdio_streams.o(.data)
    __aeabi_stderr                           0x2400001c   Data           4  stdio_streams.o(.data)
    hi2c2                                    0x24000020   Data          84  i2c.o(.bss)
    huart1                                   0x24000074   Data         148  usart.o(.bss)
    huart2                                   0x24000108   Data         148  usart.o(.bss)
    __stdin                                  0x2400019c   Data          84  stdio_streams.o(.bss)
    __stdout                                 0x240001f0   Data          84  stdio_streams.o(.bss)
    __stderr                                 0x24000244   Data          84  stdio_streams.o(.bss)
    __libspace_start                         0x24000298   Data          96  libspace.o(.bss)
    __temporary_stack_top$libspace           0x240002f8   Data           0  libspace.o(.bss)



==============================================================================

Memory Map of the image

  Image Entry point : 0x08000299

  Load Region LR_IROM1 (Base: 0x08000000, Size: 0x0000548c, Max: 0x00200000, ABSOLUTE)

    Execution Region ER_IROM1 (Exec base: 0x08000000, Load base: 0x08000000, Size: 0x0000546c, Max: 0x00200000, ABSOLUTE)

    Exec Addr    Load Addr    Size         Type   Attr      Idx    E Section Name        Object

    0x08000000   0x08000000   0x00000298   Data   RO            3    RESET               startup_stm32h743xx.o
    0x08000298   0x08000298   0x00000008   Code   RO         3571  * !!!main             c_w.l(__main.o)
    0x080002a0   0x080002a0   0x00000034   Code   RO         3928    !!!scatter          c_w.l(__scatter.o)
    0x080002d4   0x080002d4   0x0000001a   Code   RO         3930    !!handler_copy      c_w.l(__scatter_copy.o)
    0x080002ee   0x080002ee   0x00000002   PAD
    0x080002f0   0x080002f0   0x0000001c   Code   RO         3932    !!handler_zi        c_w.l(__scatter_zi.o)
    0x0800030c   0x0800030c   0x00000000   Code   RO         3564    .ARM.Collect$$_printf_percent$$00000000  c_w.l(_printf_percent.o)
    0x0800030c   0x0800030c   0x00000006   Code   RO         3563    .ARM.Collect$$_printf_percent$$00000009  c_w.l(_printf_d.o)
    0x08000312   0x08000312   0x00000006   Code   RO         3562    .ARM.Collect$$_printf_percent$$0000000C  c_w.l(_printf_x.o)
    0x08000318   0x08000318   0x00000006   Code   RO         3561    .ARM.Collect$$_printf_percent$$00000014  c_w.l(_printf_s.o)
    0x0800031e   0x0800031e   0x00000004   Code   RO         3584    .ARM.Collect$$_printf_percent$$00000017  c_w.l(_printf_percent_end.o)
    0x08000322   0x08000322   0x00000002   Code   RO         3721    .ARM.Collect$$libinit$$00000000  c_w.l(libinit.o)
    0x08000324   0x08000324   0x00000004   Code   RO         3722    .ARM.Collect$$libinit$$00000001  c_w.l(libinit2.o)
    0x08000328   0x08000328   0x00000000   Code   RO         3725    .ARM.Collect$$libinit$$00000004  c_w.l(libinit2.o)
    0x08000328   0x08000328   0x00000008   Code   RO         3726    .ARM.Collect$$libinit$$00000005  c_w.l(libinit2.o)
    0x08000330   0x08000330   0x00000000   Code   RO         3728    .ARM.Collect$$libinit$$0000000A  c_w.l(libinit2.o)
    0x08000330   0x08000330   0x00000000   Code   RO         3730    .ARM.Collect$$libinit$$0000000C  c_w.l(libinit2.o)
    0x08000330   0x08000330   0x00000000   Code   RO         3732    .ARM.Collect$$libinit$$0000000E  c_w.l(libinit2.o)
    0x08000330   0x08000330   0x00000000   Code   RO         3735    .ARM.Collect$$libinit$$00000011  c_w.l(libinit2.o)
    0x08000330   0x08000330   0x00000000   Code   RO         3737    .ARM.Collect$$libinit$$00000013  c_w.l(libinit2.o)
    0x08000330   0x08000330   0x00000000   Code   RO         3739    .ARM.Collect$$libinit$$00000015  c_w.l(libinit2.o)
    0x08000330   0x08000330   0x00000000   Code   RO         3741    .ARM.Collect$$libinit$$00000017  c_w.l(libinit2.o)
    0x08000330   0x08000330   0x00000000   Code   RO         3743    .ARM.Collect$$libinit$$00000019  c_w.l(libinit2.o)
    0x08000330   0x08000330   0x00000000   Code   RO         3745    .ARM.Collect$$libinit$$0000001B  c_w.l(libinit2.o)
    0x08000330   0x08000330   0x00000000   Code   RO         3747    .ARM.Collect$$libinit$$0000001D  c_w.l(libinit2.o)
    0x08000330   0x08000330   0x00000000   Code   RO         3749    .ARM.Collect$$libinit$$0000001F  c_w.l(libinit2.o)
    0x08000330   0x08000330   0x00000000   Code   RO         3751    .ARM.Collect$$libinit$$00000021  c_w.l(libinit2.o)
    0x08000330   0x08000330   0x00000000   Code   RO         3753    .ARM.Collect$$libinit$$00000023  c_w.l(libinit2.o)
    0x08000330   0x08000330   0x00000004   Code   RO         3754    .ARM.Collect$$libinit$$00000024  c_w.l(libinit2.o)
    0x08000334   0x08000334   0x00000000   Code   RO         3755    .ARM.Collect$$libinit$$00000025  c_w.l(libinit2.o)
    0x08000334   0x08000334   0x00000000   Code   RO         3759    .ARM.Collect$$libinit$$0000002C  c_w.l(libinit2.o)
    0x08000334   0x08000334   0x00000000   Code   RO         3761    .ARM.Collect$$libinit$$0000002E  c_w.l(libinit2.o)
    0x08000334   0x08000334   0x00000000   Code   RO         3763    .ARM.Collect$$libinit$$00000030  c_w.l(libinit2.o)
    0x08000334   0x08000334   0x00000000   Code   RO         3765    .ARM.Collect$$libinit$$00000032  c_w.l(libinit2.o)
    0x08000334   0x08000334   0x00000002   Code   RO         3766    .ARM.Collect$$libinit$$00000033  c_w.l(libinit2.o)
    0x08000336   0x08000336   0x00000002   Code   RO         3909    .ARM.Collect$$libshutdown$$00000000  c_w.l(libshutdown.o)
    0x08000338   0x08000338   0x00000000   Code   RO         3768    .ARM.Collect$$libshutdown$$00000002  c_w.l(libshutdown2.o)
    0x08000338   0x08000338   0x00000000   Code   RO         3770    .ARM.Collect$$libshutdown$$00000004  c_w.l(libshutdown2.o)
    0x08000338   0x08000338   0x00000004   Code   RO         3771    .ARM.Collect$$libshutdown$$00000005  c_w.l(libshutdown2.o)
    0x0800033c   0x0800033c   0x00000000   Code   RO         3772    .ARM.Collect$$libshutdown$$00000006  c_w.l(libshutdown2.o)
    0x0800033c   0x0800033c   0x00000000   Code   RO         3775    .ARM.Collect$$libshutdown$$00000009  c_w.l(libshutdown2.o)
    0x0800033c   0x0800033c   0x00000000   Code   RO         3778    .ARM.Collect$$libshutdown$$0000000C  c_w.l(libshutdown2.o)
    0x0800033c   0x0800033c   0x00000000   Code   RO         3780    .ARM.Collect$$libshutdown$$0000000E  c_w.l(libshutdown2.o)
    0x0800033c   0x0800033c   0x00000000   Code   RO         3783    .ARM.Collect$$libshutdown$$00000011  c_w.l(libshutdown2.o)
    0x0800033c   0x0800033c   0x00000002   Code   RO         3784    .ARM.Collect$$libshutdown$$00000012  c_w.l(libshutdown2.o)
    0x0800033e   0x0800033e   0x00000000   Code   RO         3573    .ARM.Collect$$rtentry$$00000000  c_w.l(__rtentry.o)
    0x0800033e   0x0800033e   0x00000000   Code   RO         3594    .ARM.Collect$$rtentry$$00000002  c_w.l(__rtentry2.o)
    0x0800033e   0x0800033e   0x00000006   Code   RO         3606    .ARM.Collect$$rtentry$$00000004  c_w.l(__rtentry4.o)
    0x08000344   0x08000344   0x00000000   Code   RO         3596    .ARM.Collect$$rtentry$$00000009  c_w.l(__rtentry2.o)
    0x08000344   0x08000344   0x00000004   Code   RO         3597    .ARM.Collect$$rtentry$$0000000A  c_w.l(__rtentry2.o)
    0x08000348   0x08000348   0x00000000   Code   RO         3599    .ARM.Collect$$rtentry$$0000000C  c_w.l(__rtentry2.o)
    0x08000348   0x08000348   0x00000008   Code   RO         3600    .ARM.Collect$$rtentry$$0000000D  c_w.l(__rtentry2.o)
    0x08000350   0x08000350   0x00000002   Code   RO         3793    .ARM.Collect$$rtexit$$00000000  c_w.l(rtexit.o)
    0x08000352   0x08000352   0x00000000   Code   RO         3849    .ARM.Collect$$rtexit$$00000002  c_w.l(rtexit2.o)
    0x08000352   0x08000352   0x00000004   Code   RO         3850    .ARM.Collect$$rtexit$$00000003  c_w.l(rtexit2.o)
    0x08000356   0x08000356   0x00000006   Code   RO         3851    .ARM.Collect$$rtexit$$00000004  c_w.l(rtexit2.o)
    0x0800035c   0x0800035c   0x00000000   Code   RO         3855    .emb_text           c_w.l(maybetermalloc1.o)
    0x0800035c   0x0800035c   0x00000040   Code   RO            4    .text               startup_stm32h743xx.o
    0x0800039c   0x0800039c   0x000000ee   Code   RO         3506    .text               c_w.l(lludivv7m.o)
    0x0800048a   0x0800048a   0x00000002   PAD
    0x0800048c   0x0800048c   0x00000018   Code   RO         3510    .text               c_w.l(noretval__2printf.o)
    0x080004a4   0x080004a4   0x0000004e   Code   RO         3514    .text               c_w.l(_printf_pad.o)
    0x080004f2   0x080004f2   0x00000052   Code   RO         3516    .text               c_w.l(_printf_str.o)
    0x08000544   0x08000544   0x00000078   Code   RO         3518    .text               c_w.l(_printf_dec.o)
    0x080005bc   0x080005bc   0x00000058   Code   RO         3523    .text               c_w.l(_printf_hex_int.o)
    0x08000614   0x08000614   0x00000138   Code   RO         3553    .text               c_w.l(__printf_flags_wp.o)
    0x0800074c   0x0800074c   0x0000008a   Code   RO         3565    .text               c_w.l(rt_memcpy_v6.o)
    0x080007d6   0x080007d6   0x0000004e   Code   RO         3567    .text               c_w.l(rt_memclr_w.o)
    0x08000824   0x08000824   0x00000006   Code   RO         3569    .text               c_w.l(heapauxi.o)
    0x0800082a   0x0800082a   0x000000b2   Code   RO         3578    .text               c_w.l(_printf_intcommon.o)
    0x080008dc   0x080008dc   0x0000002c   Code   RO         3580    .text               c_w.l(_printf_char.o)
    0x08000908   0x08000908   0x00000024   Code   RO         3582    .text               c_w.l(_printf_char_file.o)
    0x0800092c   0x0800092c   0x00000064   Code   RO         3591    .text               c_w.l(rt_memcpy_w.o)
    0x08000990   0x08000990   0x00000030   Code   RO         3610    .text               c_w.l(_printf_char_common.o)
    0x080009c0   0x080009c0   0x00000008   Code   RO         3612    .text               c_w.l(ferror.o)
    0x080009c8   0x080009c8   0x00000138   Code   RO         3618    .text               c_w.l(initio.o)
    0x08000b00   0x08000b00   0x00000066   Code   RO         3626    .text               c_w.l(sys_io.o)
    0x08000b66   0x08000b66   0x0000004a   Code   RO         3633    .text               c_w.l(sys_stackheap_outer.o)
    0x08000bb0   0x08000bb0   0x0000004e   Code   RO         3637    .text               c_w.l(h1_free.o)
    0x08000bfe   0x08000bfe   0x000001d6   Code   RO         3693    .text               c_w.l(flsbuf.o)
    0x08000dd4   0x08000dd4   0x00000046   Code   RO         3695    .text               c_w.l(setvbuf.o)
    0x08000e1a   0x08000e1a   0x00000002   PAD
    0x08000e1c   0x08000e1c   0x000000ec   Code   RO         3698    .text               c_w.l(fopen.o)
    0x08000f08   0x08000f08   0x0000004c   Code   RO         3700    .text               c_w.l(fclose.o)
    0x08000f54   0x08000f54   0x00000012   Code   RO         3706    .text               c_w.l(exit.o)
    0x08000f66   0x08000f66   0x0000000e   Code   RO         3712    .text               c_w.l(defsig_rtred_outer.o)
    0x08000f74   0x08000f74   0x00000008   Code   RO         3787    .text               c_w.l(libspace.o)
    0x08000f7c   0x08000f7c   0x00000002   Code   RO         3790    .text               c_w.l(use_no_semi.o)
    0x08000f7e   0x08000f7e   0x00000000   Code   RO         3792    .text               c_w.l(indicate_semi.o)
    0x08000f7e   0x08000f7e   0x00000002   PAD
    0x08000f80   0x08000f80   0x00000008   Code   RO         3800    .text               c_w.l(rt_heap_descriptor_intlibspace.o)
    0x08000f88   0x08000f88   0x00000004   Code   RO         3802    .text               c_w.l(hguard.o)
    0x08000f8c   0x08000f8c   0x0000008a   Code   RO         3804    .text               c_w.l(init_alloc.o)
    0x08001016   0x08001016   0x0000005e   Code   RO         3810    .text               c_w.l(h1_alloc.o)
    0x08001074   0x08001074   0x000000f8   Code   RO         3826    .text               c_w.l(fseek.o)
    0x0800116c   0x0800116c   0x000000f0   Code   RO         3828    .text               c_w.l(stdio.o)
    0x0800125c   0x0800125c   0x0000000a   Code   RO         3834    .text               c_w.l(defsig_exit.o)
    0x08001266   0x08001266   0x00000002   PAD
    0x08001268   0x08001268   0x00000034   Code   RO         3838    .text               c_w.l(defsig_rtred_inner.o)
    0x0800129c   0x0800129c   0x0000003e   Code   RO         3842    .text               c_w.l(strlen.o)
    0x080012da   0x080012da   0x0000000e   Code   RO         3857    .text               c_w.l(h1_init.o)
    0x080012e8   0x080012e8   0x00000034   Code   RO         3859    .text               c_w.l(h1_extend.o)
    0x0800131c   0x0800131c   0x00000042   Code   RO         3869    .text               c_w.l(ftell.o)
    0x0800135e   0x0800135e   0x00000032   Code   RO         3877    .text               c_w.l(defsig_general.o)
    0x08001390   0x08001390   0x0000000e   Code   RO         3879    .text               c_w.l(defsig_rtmem_outer.o)
    0x0800139e   0x0800139e   0x00000002   PAD
    0x080013a0   0x080013a0   0x00000008   Code   RO         3897    .text               c_w.l(rt_errno_addr_intlibspace.o)
    0x080013a8   0x080013a8   0x00000050   Code   RO         3903    .text               c_w.l(defsig_rtmem_inner.o)
    0x080013f8   0x080013f8   0x00000002   Code   RO          378    i.BusFault_Handler  stm32h7xx_it.o
    0x080013fa   0x080013fa   0x00000002   Code   RO          379    i.DebugMon_Handler  stm32h7xx_it.o
    0x080013fc   0x080013fc   0x00000004   Code   RO           13    i.Error_Handler     main.o
    0x08001400   0x08001400   0x00000360   Code   RO         1284    i.HAL_DMA_Abort     stm32h7xx_hal_dma.o
    0x08001760   0x08001760   0x00000284   Code   RO         1285    i.HAL_DMA_Abort_IT  stm32h7xx_hal_dma.o
    0x080019e4   0x080019e4   0x00000024   Code   RO         1993    i.HAL_Delay         stm32h7xx_hal.o
    0x08001a08   0x08001a08   0x0000022c   Code   RO         1132    i.HAL_GPIO_Init     stm32h7xx_hal_gpio.o
    0x08001c34   0x08001c34   0x00000010   Code   RO         1135    i.HAL_GPIO_TogglePin  stm32h7xx_hal_gpio.o
    0x08001c44   0x08001c44   0x0000000a   Code   RO         1136    i.HAL_GPIO_WritePin  stm32h7xx_hal_gpio.o
    0x08001c4e   0x08001c4e   0x00000002   PAD
    0x08001c50   0x08001c50   0x0000000c   Code   RO         2004    i.HAL_GetREVID      stm32h7xx_hal.o
    0x08001c5c   0x08001c5c   0x0000000c   Code   RO         2005    i.HAL_GetTick       stm32h7xx_hal.o
    0x08001c68   0x08001c68   0x00000058   Code   RO         2770    i.HAL_I2CEx_ConfigAnalogFilter  stm32h7xx_hal_i2c_ex.o
    0x08001cc0   0x08001cc0   0x00000054   Code   RO         2771    i.HAL_I2CEx_ConfigDigitalFilter  stm32h7xx_hal_i2c_ex.o
    0x08001d14   0x08001d14   0x000000c0   Code   RO         2309    i.HAL_I2C_Init      stm32h7xx_hal_i2c.o
    0x08001dd4   0x08001dd4   0x0000014c   Code   RO         2322    i.HAL_I2C_Master_Transmit  stm32h7xx_hal_i2c.o
    0x08001f20   0x08001f20   0x00000084   Code   RO          289    i.HAL_I2C_MspInit   i2c.o
    0x08001fa4   0x08001fa4   0x00000010   Code   RO         2011    i.HAL_IncTick       stm32h7xx_hal.o
    0x08001fb4   0x08001fb4   0x0000005c   Code   RO         2012    i.HAL_Init          stm32h7xx_hal.o
    0x08002010   0x08002010   0x00000040   Code   RO         2013    i.HAL_InitTick      stm32h7xx_hal.o
    0x08002050   0x08002050   0x0000001c   Code   RO          460    i.HAL_MspInit       stm32h7xx_hal_msp.o
    0x0800206c   0x0800206c   0x0000001a   Code   RO          492    i.HAL_NVIC_EnableIRQ  stm32h7xx_hal_cortex.o
    0x08002086   0x08002086   0x00000002   PAD
    0x08002088   0x08002088   0x00000040   Code   RO          498    i.HAL_NVIC_SetPriority  stm32h7xx_hal_cortex.o
    0x080020c8   0x080020c8   0x00000024   Code   RO          499    i.HAL_NVIC_SetPriorityGrouping  stm32h7xx_hal_cortex.o
    0x080020ec   0x080020ec   0x00000054   Code   RO         1733    i.HAL_PWREx_ConfigSupply  stm32h7xx_hal_pwr_ex.o
    0x08002140   0x08002140   0x00000024   Code   RO          753    i.HAL_RCCEx_GetD3PCLK1Freq  stm32h7xx_hal_rcc_ex.o
    0x08002164   0x08002164   0x00000144   Code   RO          755    i.HAL_RCCEx_GetPLL2ClockFreq  stm32h7xx_hal_rcc_ex.o
    0x080022a8   0x080022a8   0x00000144   Code   RO          756    i.HAL_RCCEx_GetPLL3ClockFreq  stm32h7xx_hal_rcc_ex.o
    0x080023ec   0x080023ec   0x000009ac   Code   RO          762    i.HAL_RCCEx_PeriphCLKConfig  stm32h7xx_hal_rcc_ex.o
    0x08002d98   0x08002d98   0x0000025c   Code   RO          638    i.HAL_RCC_ClockConfig  stm32h7xx_hal_rcc.o
    0x08002ff4   0x08002ff4   0x00000044   Code   RO          643    i.HAL_RCC_GetHCLKFreq  stm32h7xx_hal_rcc.o
    0x08003038   0x08003038   0x00000024   Code   RO          645    i.HAL_RCC_GetPCLK1Freq  stm32h7xx_hal_rcc.o
    0x0800305c   0x0800305c   0x00000024   Code   RO          646    i.HAL_RCC_GetPCLK2Freq  stm32h7xx_hal_rcc.o
    0x08003080   0x08003080   0x00000138   Code   RO          647    i.HAL_RCC_GetSysClockFreq  stm32h7xx_hal_rcc.o
    0x080031b8   0x080031b8   0x00000582   Code   RO          650    i.HAL_RCC_OscConfig  stm32h7xx_hal_rcc.o
    0x0800373a   0x0800373a   0x00000026   Code   RO          503    i.HAL_SYSTICK_Config  stm32h7xx_hal_cortex.o
    0x08003760   0x08003760   0x00000040   Code   RO         3352    i.HAL_UARTEx_DisableFifoMode  stm32h7xx_hal_uart_ex.o
    0x080037a0   0x080037a0   0x00000002   Code   RO         2941    i.HAL_UARTEx_RxEventCallback  stm32h7xx_hal_uart.o
    0x080037a2   0x080037a2   0x00000002   Code   RO         3360    i.HAL_UARTEx_RxFifoFullCallback  stm32h7xx_hal_uart_ex.o
    0x080037a4   0x080037a4   0x0000004c   Code   RO         3361    i.HAL_UARTEx_SetRxFifoThreshold  stm32h7xx_hal_uart_ex.o
    0x080037f0   0x080037f0   0x0000004c   Code   RO         3362    i.HAL_UARTEx_SetTxFifoThreshold  stm32h7xx_hal_uart_ex.o
    0x0800383c   0x0800383c   0x00000002   Code   RO         3364    i.HAL_UARTEx_TxFifoEmptyCallback  stm32h7xx_hal_uart_ex.o
    0x0800383e   0x0800383e   0x00000002   Code   RO         3365    i.HAL_UARTEx_WakeupCallback  stm32h7xx_hal_uart_ex.o
    0x08003840   0x08003840   0x00000002   Code   RO         2957    i.HAL_UART_ErrorCallback  stm32h7xx_hal_uart.o
    0x08003842   0x08003842   0x00000002   PAD
    0x08003844   0x08003844   0x00000388   Code   RO         2960    i.HAL_UART_IRQHandler  stm32h7xx_hal_uart.o
    0x08003bcc   0x08003bcc   0x0000006a   Code   RO         2961    i.HAL_UART_Init     stm32h7xx_hal_uart.o
    0x08003c36   0x08003c36   0x00000002   PAD
    0x08003c38   0x08003c38   0x000000f8   Code   RO          331    i.HAL_UART_MspInit  usart.o
    0x08003d30   0x08003d30   0x000000e8   Code   RO         2964    i.HAL_UART_Receive  stm32h7xx_hal_uart.o
    0x08003e18   0x08003e18   0x000000b0   Code   RO         2970    i.HAL_UART_Transmit  stm32h7xx_hal_uart.o
    0x08003ec8   0x08003ec8   0x00000002   Code   RO         2973    i.HAL_UART_TxCpltCallback  stm32h7xx_hal_uart.o
    0x08003eca   0x08003eca   0x00000002   Code   RO          380    i.HardFault_Handler  stm32h7xx_it.o
    0x08003ecc   0x08003ecc   0x00000022   Code   RO         2356    i.I2C_Flush_TXDR    stm32h7xx_hal_i2c.o
    0x08003eee   0x08003eee   0x00000002   PAD
    0x08003ef0   0x08003ef0   0x00000110   Code   RO         2364    i.I2C_IsErrorOccurred  stm32h7xx_hal_i2c.o
    0x08004000   0x08004000   0x00000030   Code   RO         2373    i.I2C_TransferConfig  stm32h7xx_hal_i2c.o
    0x08004030   0x08004030   0x0000007c   Code   RO         2375    i.I2C_WaitOnFlagUntilTimeout  stm32h7xx_hal_i2c.o
    0x080040ac   0x080040ac   0x00000058   Code   RO         2377    i.I2C_WaitOnSTOPFlagUntilTimeout  stm32h7xx_hal_i2c.o
    0x08004104   0x08004104   0x0000005c   Code   RO         2378    i.I2C_WaitOnTXISFlagUntilTimeout  stm32h7xx_hal_i2c.o
    0x08004160   0x08004160   0x0000001c   Code   RO           14    i.LED_Toggle_Once   main.o
    0x0800417c   0x0800417c   0x0000006c   Code   RO          264    i.MX_GPIO_Init      gpio.o
    0x080041e8   0x080041e8   0x00000058   Code   RO          290    i.MX_I2C2_Init      i2c.o
    0x08004240   0x08004240   0x00000068   Code   RO          332    i.MX_USART1_UART_Init  usart.o
    0x080042a8   0x080042a8   0x00000068   Code   RO          333    i.MX_USART2_UART_Init  usart.o
    0x08004310   0x08004310   0x00000002   Code   RO          381    i.MemManage_Handler  stm32h7xx_it.o
    0x08004312   0x08004312   0x00000002   Code   RO          382    i.NMI_Handler       stm32h7xx_it.o
    0x08004314   0x08004314   0x00000264   Code   RO           15    i.PelcoD_Control_And_Query  main.o
    0x08004578   0x08004578   0x00000002   Code   RO          383    i.PendSV_Handler    stm32h7xx_it.o
    0x0800457a   0x0800457a   0x00000002   PAD
    0x0800457c   0x0800457c   0x0000003c   Code   RO           16    i.PrintHexFrame     main.o
    0x080045b8   0x080045b8   0x00000120   Code   RO          765    i.RCCEx_PLL2_Config  stm32h7xx_hal_rcc_ex.o
    0x080046d8   0x080046d8   0x00000120   Code   RO          766    i.RCCEx_PLL3_Config  stm32h7xx_hal_rcc_ex.o
    0x080047f8   0x080047f8   0x00000002   Code   RO          384    i.SVC_Handler       stm32h7xx_it.o
    0x080047fa   0x080047fa   0x00000002   PAD
    0x080047fc   0x080047fc   0x0000002c   Code   RO           17    i.Set_RS485_Direction  main.o
    0x08004828   0x08004828   0x00000004   Code   RO          385    i.SysTick_Handler   stm32h7xx_it.o
    0x0800482c   0x0800482c   0x000000a4   Code   RO           18    i.SystemClock_Config  main.o
    0x080048d0   0x080048d0   0x000000dc   Code   RO         3471    i.SystemInit        system_stm32h7xx.o
    0x080049ac   0x080049ac   0x00000044   Code   RO         3366    i.UARTEx_SetNbDataToProcess  stm32h7xx_hal_uart_ex.o
    0x080049f0   0x080049f0   0x000000c8   Code   RO         2975    i.UART_AdvFeatureConfig  stm32h7xx_hal_uart.o
    0x08004ab8   0x08004ab8   0x000000aa   Code   RO         2976    i.UART_CheckIdleState  stm32h7xx_hal_uart.o
    0x08004b62   0x08004b62   0x00000014   Code   RO         2977    i.UART_DMAAbortOnError  stm32h7xx_hal_uart.o
    0x08004b76   0x08004b76   0x00000002   PAD
    0x08004b78   0x08004b78   0x00000054   Code   RO         2987    i.UART_EndRxTransfer  stm32h7xx_hal_uart.o
    0x08004bcc   0x08004bcc   0x000003ac   Code   RO         2993    i.UART_SetConfig    stm32h7xx_hal_uart.o
    0x08004f78   0x08004f78   0x00000094   Code   RO         3000    i.UART_WaitOnFlagUntilTimeout  stm32h7xx_hal_uart.o
    0x0800500c   0x0800500c   0x0000000c   Code   RO          386    i.USART2_IRQHandler  stm32h7xx_it.o
    0x08005018   0x08005018   0x00000002   Code   RO          387    i.UsageFault_Handler  stm32h7xx_it.o
    0x0800501a   0x0800501a   0x00000022   Code   RO          505    i.__NVIC_SetPriority  stm32h7xx_hal_cortex.o
    0x0800503c   0x0800503c   0x0000000e   Code   RO         3551    i._is_digit         c_w.l(__printf_wp.o)
    0x0800504a   0x0800504a   0x00000002   Code   RO           21    i._sys_exit         main.o
    0x0800504c   0x0800504c   0x00000002   Code   RO           28    i._ttywrch          main.o
    0x0800504e   0x0800504e   0x00000002   PAD
    0x08005050   0x08005050   0x00000028   Code   RO           29    i.delay_us          main.o
    0x08005078   0x08005078   0x0000001a   Code   RO         3615    i.fputc             c_w.l(fputc.o)
    0x08005092   0x08005092   0x00000002   PAD
    0x08005094   0x08005094   0x000002dc   Code   RO           30    i.main              main.o
    0x08005370   0x08005370   0x0000000a   Code   RO         3846    x$fpl$fpinit        fz_wv.l(fpinit.o)
    0x0800537a   0x0800537a   0x00000018   Data   RO         3001    .constdata          stm32h7xx_hal_uart.o
    0x08005392   0x08005392   0x00000010   Data   RO         3367    .constdata          stm32h7xx_hal_uart_ex.o
    0x080053a2   0x080053a2   0x00000010   Data   RO         3472    .constdata          system_stm32h7xx.o
    0x080053b2   0x080053b2   0x00000028   Data   RO         3524    .constdata          c_w.l(_printf_hex_int.o)
    0x080053da   0x080053da   0x00000011   Data   RO         3554    .constdata          c_w.l(__printf_flags_wp.o)
    0x080053eb   0x080053eb   0x00000004   Data   RO         3627    .constdata          c_w.l(sys_io.o)
    0x080053ef   0x080053ef   0x00000004   Data   RO         3628    .constdata          c_w.l(sys_io.o)
    0x080053f3   0x080053f3   0x00000004   Data   RO         3629    .constdata          c_w.l(sys_io.o)
    0x080053f7   0x080053f7   0x00000001   PAD
    0x080053f8   0x080053f8   0x00000054   Data   RO           31    .conststring        main.o
    0x0800544c   0x0800544c   0x00000020   Data   RO         3926    Region$$Table       anon$$obj.o


    Execution Region RW_IRAM1 (Exec base: 0x20000000, Load base: 0x0800546c, Size: 0x00000000, Max: 0x00020000, ABSOLUTE)

    **** No section assigned to this execution region ****


    Execution Region RW_IRAM2 (Exec base: 0x24000000, Load base: 0x0800546c, Size: 0x000008f8, Max: 0x00080000, ABSOLUTE)

    Exec Addr    Load Addr    Size         Type   Attr      Idx    E Section Name        Object

    0x24000000   0x0800546c   0x0000000c   Data   RW         2034    .data               stm32h7xx_hal.o
    0x2400000c   0x08005478   0x00000008   Data   RW         3473    .data               system_stm32h7xx.o
    0x24000014   0x08005480   0x00000004   Data   RW         3588    .data               c_w.l(stdio_streams.o)
    0x24000018   0x08005484   0x00000004   Data   RW         3589    .data               c_w.l(stdio_streams.o)
    0x2400001c   0x08005488   0x00000004   Data   RW         3590    .data               c_w.l(stdio_streams.o)
    0x24000020        -       0x00000054   Zero   RW          291    .bss                i2c.o
    0x24000074        -       0x00000128   Zero   RW          334    .bss                usart.o
    0x2400019c        -       0x00000054   Zero   RW         3585    .bss                c_w.l(stdio_streams.o)
    0x240001f0        -       0x00000054   Zero   RW         3586    .bss                c_w.l(stdio_streams.o)
    0x24000244        -       0x00000054   Zero   RW         3587    .bss                c_w.l(stdio_streams.o)
    0x24000298        -       0x00000060   Zero   RW         3788    .bss                c_w.l(libspace.o)
    0x240002f8        -       0x00000200   Zero   RW            2    HEAP                startup_stm32h743xx.o
    0x240004f8        -       0x00000400   Zero   RW            1    STACK               startup_stm32h743xx.o


==============================================================================

Image component sizes


      Code (inc. data)   RO Data    RW Data    ZI Data      Debug   Object Name

       108          8          0          0          0       1083   gpio.o
       220         24          0          0         84       1989   i2c.o
      1688        778         84          0          0    1246273   main.o
        64         26        664          0       1536        868   startup_stm32h743xx.o
       232         44          0         12          0      23656   stm32h7xx_hal.o
       198         12          0          0          0      39771   stm32h7xx_hal_cortex.o
      1508         70          0          0          0       3991   stm32h7xx_hal_dma.o
       582         50          0          0          0       3057   stm32h7xx_hal_gpio.o
      1182         22          0          0          0       9973   stm32h7xx_hal_i2c.o
       172          0          0          0          0       2163   stm32h7xx_hal_i2c_ex.o
        28          6          0          0          0        982   stm32h7xx_hal_msp.o
        84          6          0          0          0        813   stm32h7xx_hal_pwr_ex.o
      2466        102          0          0          0       7344   stm32h7xx_hal_rcc.o
      3736        118          0          0          0       8065   stm32h7xx_hal_rcc_ex.o
      2986        138         24          0          0      32903   stm32h7xx_hal_uart.o
       290          6         16          0          0       5718   stm32h7xx_hal_uart_ex.o
        32          6          0          0          0       4874   stm32h7xx_it.o
       220         40         16          8          0       1586   system_stm32h7xx.o
       456         36          0          0        296       2859   usart.o

    ----------------------------------------------------------------------
     16270       1492        836         20       1916    1397968   Object Totals
         0          0         32          0          0          0   (incl. Generated)
        18          0          0          0          0          0   (incl. Padding)

    ----------------------------------------------------------------------

      Code (inc. data)   RO Data    RW Data    ZI Data      Debug   Library Member Name

         8          0          0          0          0         68   __main.o
       312          4         17          0          0         92   __printf_flags_wp.o
        14          0          0          0          0         68   __printf_wp.o
         0          0          0          0          0          0   __rtentry.o
        12          0          0          0          0          0   __rtentry2.o
         6          0          0          0          0          0   __rtentry4.o
        52          8          0          0          0          0   __scatter.o
        26          0          0          0          0          0   __scatter_copy.o
        28          0          0          0          0          0   __scatter_zi.o
        44          0          0          0          0        108   _printf_char.o
        48          6          0          0          0         96   _printf_char_common.o
        36          4          0          0          0         80   _printf_char_file.o
         6          0          0          0          0          0   _printf_d.o
       120         16          0          0          0         92   _printf_dec.o
        88          4         40          0          0         88   _printf_hex_int.o
       178          0          0          0          0         88   _printf_intcommon.o
        78          0          0          0          0        108   _printf_pad.o
         0          0          0          0          0          0   _printf_percent.o
         4          0          0          0          0          0   _printf_percent_end.o
         6          0          0          0          0          0   _printf_s.o
        82          0          0          0          0         80   _printf_str.o
         6          0          0          0          0          0   _printf_x.o
        10          0          0          0          0         68   defsig_exit.o
        50          0          0          0          0         88   defsig_general.o
        80         58          0          0          0         76   defsig_rtmem_inner.o
        14          0          0          0          0         80   defsig_rtmem_outer.o
        52         38          0          0          0         76   defsig_rtred_inner.o
        14          0          0          0          0         80   defsig_rtred_outer.o
        18          0          0          0          0         80   exit.o
        76          0          0          0          0         88   fclose.o
         8          0          0          0          0         68   ferror.o
       470          0          0          0          0         88   flsbuf.o
       236          4          0          0          0        128   fopen.o
        26          0          0          0          0         68   fputc.o
       248          6          0          0          0         84   fseek.o
        66          0          0          0          0         76   ftell.o
        94          0          0          0          0         80   h1_alloc.o
        52          0          0          0          0         68   h1_extend.o
        78          0          0          0          0         80   h1_free.o
        14          0          0          0          0         84   h1_init.o
         6          0          0          0          0        152   heapauxi.o
         4          0          0          0          0        136   hguard.o
         0          0          0          0          0          0   indicate_semi.o
       138          0          0          0          0        168   init_alloc.o
       312         46          0          0          0        112   initio.o
         2          0          0          0          0          0   libinit.o
        18          0          0          0          0          0   libinit2.o
         2          0          0          0          0          0   libshutdown.o
         6          0          0          0          0          0   libshutdown2.o
         8          4          0          0         96         68   libspace.o
       238          0          0          0          0        100   lludivv7m.o
         0          0          0          0          0          0   maybetermalloc1.o
        24          4          0          0          0         84   noretval__2printf.o
         8          4          0          0          0         68   rt_errno_addr_intlibspace.o
         8          4          0          0          0         68   rt_heap_descriptor_intlibspace.o
        78          0          0          0          0         80   rt_memclr_w.o
       138          0          0          0          0         68   rt_memcpy_v6.o
       100          0          0          0          0         80   rt_memcpy_w.o
         2          0          0          0          0          0   rtexit.o
        10          0          0          0          0          0   rtexit2.o
        70          0          0          0          0         80   setvbuf.o
       240          6          0          0          0        156   stdio.o
         0          0          0         12        252          0   stdio_streams.o
        62          0          0          0          0         76   strlen.o
       102          0         12          0          0        240   sys_io.o
        74          0          0          0          0         80   sys_stackheap_outer.o
         2          0          0          0          0         68   use_no_semi.o
        10          0          0          0          0        116   fpinit.o

    ----------------------------------------------------------------------
      4436        216         70         12        348       4428   Library Totals
        14          0          1          0          0          0   (incl. Padding)

    ----------------------------------------------------------------------

      Code (inc. data)   RO Data    RW Data    ZI Data      Debug   Library Name

      4412        216         69         12        348       4312   c_w.l
        10          0          0          0          0        116   fz_wv.l

    ----------------------------------------------------------------------
      4436        216         70         12        348       4428   Library Totals

    ----------------------------------------------------------------------

==============================================================================


      Code (inc. data)   RO Data    RW Data    ZI Data      Debug   

     20706       1708        906         32       2264    1392308   Grand Totals
     20706       1708        906         32       2264    1392308   ELF Image Totals
     20706       1708        906         32          0          0   ROM Totals

==============================================================================

    Total RO  Size (Code + RO Data)                21612 (  21.11kB)
    Total RW  Size (RW Data + ZI Data)              2296 (   2.24kB)
    Total ROM Size (Code + RO Data + RW Data)      21644 (  21.14kB)

==============================================================================

